Archive member included because of file (symbol)

c:/program files/atollic/truestudio for arm lite 3.1.0/armtools/bin/../lib/gcc/arm-atollic-eabi/4.6.2/../../../../arm-atollic-eabi/lib/thumb/softfp/armv7e-m/fpv4-sp-d16\libc.a(lib_a-init.o)
                              src\startup_stm32f4xx.o (__libc_init_array)
c:/program files/atollic/truestudio for arm lite 3.1.0/armtools/bin/../lib/gcc/arm-atollic-eabi/4.6.2/../../../../arm-atollic-eabi/lib/thumb/softfp/armv7e-m/fpv4-sp-d16\libc.a(lib_a-memcpy.o)
                              src\FreeRTOS\tasks.o (memcpy)
c:/program files/atollic/truestudio for arm lite 3.1.0/armtools/bin/../lib/gcc/arm-atollic-eabi/4.6.2/../../../../arm-atollic-eabi/lib/thumb/softfp/armv7e-m/fpv4-sp-d16\libc.a(lib_a-memset.o)
                              src\FreeRTOS\tasks.o (memset)
c:/program files/atollic/truestudio for arm lite 3.1.0/armtools/bin/../lib/gcc/arm-atollic-eabi/4.6.2/../../../../arm-atollic-eabi/lib/thumb/softfp/armv7e-m/fpv4-sp-d16\libc.a(lib_a-sprintf.o)
                              src\FreeRTOS\tasks.o (sprintf)
c:/program files/atollic/truestudio for arm lite 3.1.0/armtools/bin/../lib/gcc/arm-atollic-eabi/4.6.2/../../../../arm-atollic-eabi/lib/thumb/softfp/armv7e-m/fpv4-sp-d16\libc.a(lib_a-strcat.o)
                              src\FreeRTOS\tasks.o (strcat)
c:/program files/atollic/truestudio for arm lite 3.1.0/armtools/bin/../lib/gcc/arm-atollic-eabi/4.6.2/../../../../arm-atollic-eabi/lib/thumb/softfp/armv7e-m/fpv4-sp-d16\libc.a(lib_a-strlen.o)
                              src\FreeRTOS\tasks.o (strlen)
c:/program files/atollic/truestudio for arm lite 3.1.0/armtools/bin/../lib/gcc/arm-atollic-eabi/4.6.2/../../../../arm-atollic-eabi/lib/thumb/softfp/armv7e-m/fpv4-sp-d16\libc.a(lib_a-strncpy.o)
                              src\FreeRTOS\tasks.o (strncpy)
c:/program files/atollic/truestudio for arm lite 3.1.0/armtools/bin/../lib/gcc/arm-atollic-eabi/4.6.2/../../../../arm-atollic-eabi/lib/thumb/softfp/armv7e-m/fpv4-sp-d16\libc.a(lib_a-svfprintf.o)
                              c:/program files/atollic/truestudio for arm lite 3.1.0/armtools/bin/../lib/gcc/arm-atollic-eabi/4.6.2/../../../../arm-atollic-eabi/lib/thumb/softfp/armv7e-m/fpv4-sp-d16\libc.a(lib_a-sprintf.o) (_svfprintf_r)
c:/program files/atollic/truestudio for arm lite 3.1.0/armtools/bin/../lib/gcc/arm-atollic-eabi/4.6.2/../../../../arm-atollic-eabi/lib/thumb/softfp/armv7e-m/fpv4-sp-d16\libc.a(lib_a-dtoa.o)
                              c:/program files/atollic/truestudio for arm lite 3.1.0/armtools/bin/../lib/gcc/arm-atollic-eabi/4.6.2/../../../../arm-atollic-eabi/lib/thumb/softfp/armv7e-m/fpv4-sp-d16\libc.a(lib_a-svfprintf.o) (_dtoa_r)
c:/program files/atollic/truestudio for arm lite 3.1.0/armtools/bin/../lib/gcc/arm-atollic-eabi/4.6.2/../../../../arm-atollic-eabi/lib/thumb/softfp/armv7e-m/fpv4-sp-d16\libc.a(lib_a-impure.o)
                              c:/program files/atollic/truestudio for arm lite 3.1.0/armtools/bin/../lib/gcc/arm-atollic-eabi/4.6.2/../../../../arm-atollic-eabi/lib/thumb/softfp/armv7e-m/fpv4-sp-d16\libc.a(lib_a-sprintf.o) (_impure_ptr)
c:/program files/atollic/truestudio for arm lite 3.1.0/armtools/bin/../lib/gcc/arm-atollic-eabi/4.6.2/../../../../arm-atollic-eabi/lib/thumb/softfp/armv7e-m/fpv4-sp-d16\libc.a(lib_a-locale.o)
                              c:/program files/atollic/truestudio for arm lite 3.1.0/armtools/bin/../lib/gcc/arm-atollic-eabi/4.6.2/../../../../arm-atollic-eabi/lib/thumb/softfp/armv7e-m/fpv4-sp-d16\libc.a(lib_a-svfprintf.o) (_localeconv_r)
c:/program files/atollic/truestudio for arm lite 3.1.0/armtools/bin/../lib/gcc/arm-atollic-eabi/4.6.2/../../../../arm-atollic-eabi/lib/thumb/softfp/armv7e-m/fpv4-sp-d16\libc.a(lib_a-malloc.o)
                              c:/program files/atollic/truestudio for arm lite 3.1.0/armtools/bin/../lib/gcc/arm-atollic-eabi/4.6.2/../../../../arm-atollic-eabi/lib/thumb/softfp/armv7e-m/fpv4-sp-d16\libc.a(lib_a-dtoa.o) (malloc)
c:/program files/atollic/truestudio for arm lite 3.1.0/armtools/bin/../lib/gcc/arm-atollic-eabi/4.6.2/../../../../arm-atollic-eabi/lib/thumb/softfp/armv7e-m/fpv4-sp-d16\libc.a(lib_a-mallocr.o)
                              c:/program files/atollic/truestudio for arm lite 3.1.0/armtools/bin/../lib/gcc/arm-atollic-eabi/4.6.2/../../../../arm-atollic-eabi/lib/thumb/softfp/armv7e-m/fpv4-sp-d16\libc.a(lib_a-svfprintf.o) (_malloc_r)
c:/program files/atollic/truestudio for arm lite 3.1.0/armtools/bin/../lib/gcc/arm-atollic-eabi/4.6.2/../../../../arm-atollic-eabi/lib/thumb/softfp/armv7e-m/fpv4-sp-d16\libc.a(lib_a-memchr.o)
                              c:/program files/atollic/truestudio for arm lite 3.1.0/armtools/bin/../lib/gcc/arm-atollic-eabi/4.6.2/../../../../arm-atollic-eabi/lib/thumb/softfp/armv7e-m/fpv4-sp-d16\libc.a(lib_a-svfprintf.o) (memchr)
[...]
Memory Configuration

Name             Origin             Length             Attributes
FLASH            0x08000000         0x00100000         xr
RAM              0x20000000         0x00020000         xrw
MEMORY_B1        0x60000000         0x00000000         xr
*default*        0x00000000         0xffffffff

Linker script and memory map

LOAD c:/program files/atollic/truestudio for arm lite 3.1.0/armtools/bin/../lib/gcc/arm-atollic-eabi/4.6.2/thumb/softfp/armv7e-m/fpv4-sp-d16/crti.o
LOAD c:/program files/atollic/truestudio for arm lite 3.1.0/armtools/bin/../lib/gcc/arm-atollic-eabi/4.6.2/thumb/softfp/armv7e-m/fpv4-sp-d16/crtbegin.o
LOAD src\utils.o
LOAD src\system_stm32f4xx.o
LOAD src\stm32f4xx_it.o
LOAD src\stm32f4_discovery_lis302dl.o
LOAD src\startup_stm32f4xx.o
LOAD src\mems.o
LOAD src\main.o
LOAD src\eobd.o
LOAD src\debug.o
LOAD src\FreeRTOS\timers.o
LOAD src\FreeRTOS\tasks.o
LOAD src\FreeRTOS\queue.o
LOAD src\FreeRTOS\portable\MemMang\heap_1.o
LOAD src\FreeRTOS\portable\GCC\ARM_CM4F\port.o
LOAD src\FreeRTOS\list.o
LOAD src\FreeRTOS\croutine.o
LOAD Libraries\STM32F4xx_StdPeriph_Driver\src\stm32f4xx_wwdg.o
LOAD Libraries\STM32F4xx_StdPeriph_Driver\src\stm32f4xx_usart.o
LOAD Libraries\STM32F4xx_StdPeriph_Driver\src\stm32f4xx_tim.o
LOAD Libraries\STM32F4xx_StdPeriph_Driver\src\stm32f4xx_syscfg.o
LOAD Libraries\STM32F4xx_StdPeriph_Driver\src\stm32f4xx_spi.o
LOAD Libraries\STM32F4xx_StdPeriph_Driver\src\stm32f4xx_sdio.o
LOAD Libraries\STM32F4xx_StdPeriph_Driver\src\stm32f4xx_rtc.o
LOAD Libraries\STM32F4xx_StdPeriph_Driver\src\stm32f4xx_rng.o
LOAD Libraries\STM32F4xx_StdPeriph_Driver\src\stm32f4xx_rcc.o
LOAD Libraries\STM32F4xx_StdPeriph_Driver\src\stm32f4xx_pwr.o
LOAD Libraries\STM32F4xx_StdPeriph_Driver\src\stm32f4xx_iwdg.o
LOAD Libraries\STM32F4xx_StdPeriph_Driver\src\stm32f4xx_i2c.o
LOAD Libraries\STM32F4xx_StdPeriph_Driver\src\stm32f4xx_hash_sha1.o
LOAD Libraries\STM32F4xx_StdPeriph_Driver\src\stm32f4xx_hash_md5.o
LOAD Libraries\STM32F4xx_StdPeriph_Driver\src\stm32f4xx_hash.o
LOAD Libraries\STM32F4xx_StdPeriph_Driver\src\stm32f4xx_gpio.o
LOAD Libraries\STM32F4xx_StdPeriph_Driver\src\stm32f4xx_fsmc.o
LOAD Libraries\STM32F4xx_StdPeriph_Driver\src\stm32f4xx_flash.o
LOAD Libraries\STM32F4xx_StdPeriph_Driver\src\stm32f4xx_exti.o
LOAD Libraries\STM32F4xx_StdPeriph_Driver\src\stm32f4xx_dma.o
LOAD Libraries\STM32F4xx_StdPeriph_Driver\src\stm32f4xx_dcmi.o
LOAD Libraries\STM32F4xx_StdPeriph_Driver\src\stm32f4xx_dbgmcu.o
LOAD Libraries\STM32F4xx_StdPeriph_Driver\src\stm32f4xx_dac.o
LOAD Libraries\STM32F4xx_StdPeriph_Driver\src\stm32f4xx_cryp_tdes.o
LOAD Libraries\STM32F4xx_StdPeriph_Driver\src\stm32f4xx_cryp_des.o
LOAD Libraries\STM32F4xx_StdPeriph_Driver\src\stm32f4xx_cryp_aes.o
LOAD Libraries\STM32F4xx_StdPeriph_Driver\src\stm32f4xx_cryp.o
LOAD Libraries\STM32F4xx_StdPeriph_Driver\src\stm32f4xx_crc.o
LOAD Libraries\STM32F4xx_StdPeriph_Driver\src\stm32f4xx_can.o
LOAD Libraries\STM32F4xx_StdPeriph_Driver\src\stm32f4xx_adc.o
LOAD Libraries\STM32F4xx_StdPeriph_Driver\src\stm32f4_discovery.o
LOAD Libraries\STM32F4xx_StdPeriph_Driver\src\misc.o
LOAD c:/program files/atollic/truestudio for arm lite 3.1.0/armtools/bin/../lib/gcc/arm-atollic-eabi/4.6.2/../../../../arm-atollic-eabi/lib/thumb/softfp/armv7e-m/fpv4-sp-d16\libm.a
                0x00001000                malloc_getpagesize_P = 0x1000
START GROUP
LOAD c:/program files/atollic/truestudio for arm lite 3.1.0/armtools/bin/../lib/gcc/arm-atollic-eabi/4.6.2/thumb/softfp/armv7e-m/fpv4-sp-d16\libgcc.a
LOAD c:/program files/atollic/truestudio for arm lite 3.1.0/armtools/bin/../lib/gcc/arm-atollic-eabi/4.6.2/../../../../arm-atollic-eabi/lib/thumb/softfp/armv7e-m/fpv4-sp-d16\libc.a
END GROUP
LOAD c:/program files/atollic/truestudio for arm lite 3.1.0/armtools/bin/../lib/gcc/arm-atollic-eabi/4.6.2/thumb/softfp/armv7e-m/fpv4-sp-d16/crtend.o
LOAD c:/program files/atollic/truestudio for arm lite 3.1.0/armtools/bin/../lib/gcc/arm-atollic-eabi/4.6.2/thumb/softfp/armv7e-m/fpv4-sp-d16/crtn.o
                0x20020000                _estack = 0x20020000
                0x00000000                _Min_Heap_Size = 0x0
                0x00000400                _Min_Stack_Size = 0x400

.isr_vector     0x08000000      0x188
                0x08000000                . = ALIGN (0x4)
 *(.isr_vector)
 .isr_vector    0x08000000      0x188 src\startup_stm32f4xx.o
                0x08000000                g_pfnVectors
                0x08000188                . = ALIGN (0x4)

.text           0x08000188     0x55c8
                0x08000188                . = ALIGN (0x4)
 *(.text)
 .text          0x08000188       0x54 c:/program files/atollic/truestudio for arm lite 3.1.0/armtools/bin/../lib/gcc/arm-atollic-eabi/4.6.2/thumb/softfp/armv7e-m/fpv4-sp-d16/crtbegin.o
 *(.text*)
 .text.NVIC_SetPriority
                0x080001dc       0x5c src\utils.o
 .text.SysTick_Config
                0x08000238       0x64 src\utils.o
 .text.ptopwm   0x0800029c       0x30 src\utils.o
                0x0800029c                ptopwm
 .text.HwInit   0x080002cc      0x310 src\utils.o
                0x080002cc                HwInit
 .text.TIM3_Config
                0x080005dc       0xd4 src\utils.o
                0x080005dc                TIM3_Config
 .text.TIM4_Config
                0x080006b0       0xac src\utils.o
                0x080006b0                TIM4_Config
 .text.TIM_SetDuty
                0x0800075c       0x5c src\utils.o
                0x0800075c                TIM_SetDuty
 .text.vUSART2_Init
                0x080007b8       0xf4 src\utils.o
                0x080007b8                vUSART2_Init
 .text.SystemInit
                0x080008ac       0x94 src\system_stm32f4xx.o
                0x080008ac                SystemInit
 .text.SystemCoreClockUpdate
                0x08000940      0x174 src\system_stm32f4xx.o
                0x08000940                SystemCoreClockUpdate
 .text.SetSysClock
                0x08000ab4      0x188 src\system_stm32f4xx.o
 .text.USART2_IRQHandler
                0x08000c3c       0x30 src\stm32f4xx_it.o
                0x08000c3c                USART2_IRQHandler
 .text.NMI_Handler
                0x08000c6c        0xc src\stm32f4xx_it.o
                0x08000c6c                NMI_Handler
 .text.HardFault_Handler
                0x08000c78        0x8 src\stm32f4xx_it.o
                0x08000c78                HardFault_Handler
 .text.MemManage_Handler
                0x08000c80        0x8 src\stm32f4xx_it.o
                0x08000c80                MemManage_Handler
 .text.BusFault_Handler
                0x08000c88        0x8 src\stm32f4xx_it.o
                0x08000c88                BusFault_Handler
 .text.UsageFault_Handler
                0x08000c90        0x8 src\stm32f4xx_it.o
                0x08000c90                UsageFault_Handler
 .text.DebugMon_Handler
                0x08000c98        0xc src\stm32f4xx_it.o
                0x08000c98                DebugMon_Handler
 .text.LIS302DL_Init
                0x08000ca4       0x54 src\stm32f4_discovery_lis302dl.o
                0x08000ca4                LIS302DL_Init
 .text.LIS302DL_InterruptConfig
                0x08000cf8       0x50 src\stm32f4_discovery_lis302dl.o
                0x08000cf8                LIS302DL_InterruptConfig
 .text.LIS302DL_Write
                0x08000d48       0x70 src\stm32f4_discovery_lis302dl.o
                0x08000d48                LIS302DL_Write
 .text.LIS302DL_Read
                0x08000db8       0x80 src\stm32f4_discovery_lis302dl.o
                0x08000db8                LIS302DL_Read
 .text.LIS302DL_LowLevel_Init
                0x08000e38      0x1cc src\stm32f4_discovery_lis302dl.o
 .text.LIS302DL_SendByte
                0x08001004       0xe4 src\stm32f4_discovery_lis302dl.o
 .text.Reset_Handler
                0x080010e8       0x58 src\startup_stm32f4xx.o
                0x080010e8                Reset_Handler
 .text.Default_Handler
                0x08001140        0x2 src\startup_stm32f4xx.o
                0x08001140                RTC_Alarm_IRQHandler
                0x08001140                HASH_RNG_IRQHandler
                0x08001140                EXTI2_IRQHandler
                0x08001140                TIM8_CC_IRQHandler
                0x08001140                TIM1_CC_IRQHandler
                0x08001140                DMA2_Stream5_IRQHandler
                0x08001140                DMA1_Stream5_IRQHandler
                0x08001140                PVD_IRQHandler
                0x08001140                SDIO_IRQHandler
                0x08001140                TAMP_STAMP_IRQHandler
                0x08001140                CAN2_RX1_IRQHandler
                0x08001140                EXTI3_IRQHandler
                0x08001140                TIM8_TRG_COM_TIM14_IRQHandler
                0x08001140                TIM1_UP_TIM10_IRQHandler
                0x08001140                TIM8_UP_TIM13_IRQHandler
                0x08001140                I2C3_ER_IRQHandler
                0x08001140                EXTI0_IRQHandler
                0x08001140                I2C2_EV_IRQHandler
                0x08001140                DMA1_Stream2_IRQHandler
                0x08001140                CAN1_RX0_IRQHandler
                0x08001140                FPU_IRQHandler
                0x08001140                OTG_HS_WKUP_IRQHandler
                0x08001140                CAN2_SCE_IRQHandler
                0x08001140                DMA2_Stream2_IRQHandler
                0x08001140                SPI1_IRQHandler
                0x08001140                TIM6_DAC_IRQHandler
                0x08001140                TIM1_BRK_TIM9_IRQHandler
                0x08001140                DCMI_IRQHandler
                0x08001140                CAN2_RX0_IRQHandler
                0x08001140                DMA2_Stream3_IRQHandler
                0x08001140                USART6_IRQHandler
                0x08001140                USART3_IRQHandler
                0x08001140                CRYP_IRQHandler
                0x08001140                CAN1_RX1_IRQHandler
                0x08001140                UART5_IRQHandler
                0x08001140                DMA2_Stream0_IRQHandler
                0x08001140                TIM4_IRQHandler
                0x08001140                I2C1_EV_IRQHandler
                0x08001140                DMA1_Stream6_IRQHandler
                0x08001140                DMA1_Stream1_IRQHandler
                0x08001140                UART4_IRQHandler
                0x08001140                TIM3_IRQHandler
                0x08001140                RCC_IRQHandler
                0x08001140                TIM8_BRK_TIM12_IRQHandler
                0x08001140                Default_Handler
                0x08001140                EXTI15_10_IRQHandler
                0x08001140                ADC_IRQHandler
                0x08001140                DMA1_Stream7_IRQHandler
                0x08001140                TIM7_IRQHandler
                0x08001140                CAN2_TX_IRQHandler
                0x08001140                TIM5_IRQHandler
                0x08001140                DMA2_Stream7_IRQHandler
                0x08001140                I2C3_EV_IRQHandler
                0x08001140                EXTI9_5_IRQHandler
                0x08001140                RTC_WKUP_IRQHandler
                0x08001140                ETH_WKUP_IRQHandler
                0x08001140                SPI2_IRQHandler
                0x08001140                OTG_HS_EP1_IN_IRQHandler
                0x08001140                DMA1_Stream0_IRQHandler
                0x08001140                CAN1_TX_IRQHandler
                0x08001140                EXTI4_IRQHandler
                0x08001140                FSMC_IRQHandler
                0x08001140                ETH_IRQHandler
                0x08001140                OTG_HS_EP1_OUT_IRQHandler
                0x08001140                WWDG_IRQHandler
                0x08001140                TIM2_IRQHandler
                0x08001140                OTG_FS_WKUP_IRQHandler
                0x08001140                TIM1_TRG_COM_TIM11_IRQHandler
                0x08001140                OTG_HS_IRQHandler
                0x08001140                EXTI1_IRQHandler
                0x08001140                I2C2_ER_IRQHandler
                0x08001140                DMA2_Stream1_IRQHandler
                0x08001140                CAN1_SCE_IRQHandler
                0x08001140                FLASH_IRQHandler
                0x08001140                DMA2_Stream4_IRQHandler
                0x08001140                USART1_IRQHandler
                0x08001140                OTG_FS_IRQHandler
                0x08001140                SPI3_IRQHandler
                0x08001140                DMA1_Stream4_IRQHandler
                0x08001140                I2C1_ER_IRQHandler
                0x08001140                DMA2_Stream6_IRQHandler
                0x08001140                DMA1_Stream3_IRQHandler
 *fill*         0x08001142        0x2 00
 .text.vMemsTask
                0x08001144      0x408 src\mems.o
                0x08001144                vMemsTask
 .text.vSetMemsDump
                0x0800154c       0x20 src\mems.o
                0x0800154c                vSetMemsDump
 .text.LIS302DL_TIMEOUT_UserCallback
                0x0800156c       0x10 src\mems.o
                0x0800156c                LIS302DL_TIMEOUT_UserCallback
 .text.main     0x0800157c       0xcc src\main.o
                0x0800157c                main
 .text.vTimeTask
                0x08001648       0x68 src\main.o
                0x08001648                vTimeTask
 .text.vApplicationTickHook
                0x080016b0       0x30 src\main.o
                0x080016b0                vApplicationTickHook
 .text.vApplicationIdleHook
                0x080016e0       0x30 src\main.o
                0x080016e0                vApplicationIdleHook
 .text.vApplicationMallocFailedHook
                0x08001710       0x10 src\main.o
                0x08001710                vApplicationMallocFailedHook
 .text.vDebugInitQueue
                0x08001720       0x24 src\debug.o
                0x08001720                vDebugInitQueue
 .text.vDebugTask
                0x08001744      0x1ec src\debug.o
                0x08001744                vDebugTask
 .text.vDebugString
                0x08001930       0x54 src\debug.o
                0x08001930                vDebugString
 .text.vDebugPrintResetType
                0x08001984      0x140 src\debug.o
                0x08001984                vDebugPrintResetType
 .text.vDebugPrintf
                0x08001ac4      0x298 src\debug.o
                0x08001ac4                vDebugPrintf
 .text.vNum2String
                0x08001d5c       0xbc src\debug.o
                0x08001d5c                vNum2String
 .text.xTimerCreateTimerTask
                0x08001e18       0x74 src\FreeRTOS\timers.o
                0x08001e18                xTimerCreateTimerTask
 .text.xTimerGenericCommand
                0x08001e8c       0xb0 src\FreeRTOS\timers.o
                0x08001e8c                xTimerGenericCommand
 .text.prvProcessExpiredTimer
                0x08001f3c       0x84 src\FreeRTOS\timers.o
 .text.prvTimerTask
                0x08001fc0       0x28 src\FreeRTOS\timers.o
 .text.prvProcessTimerOrBlockTask
                0x08001fe8       0x78 src\FreeRTOS\timers.o
 .text.prvGetNextExpireTime
                0x08002060       0x50 src\FreeRTOS\timers.o
 .text.prvSampleTimeNow
                0x080020b0       0x5c src\FreeRTOS\timers.o
 .text.prvInsertTimerInActiveList
                0x0800210c       0x94 src\FreeRTOS\timers.o
 .text.prvProcessReceivedCommands
                0x080021a0      0x114 src\FreeRTOS\timers.o
 .text.prvSwitchTimerLists
                0x080022b4       0xec src\FreeRTOS\timers.o
 .text.prvCheckForValidListAndQueue
                0x080023a0       0x74 src\FreeRTOS\timers.o
 .text.xTaskGenericCreate
                0x08002414      0x1f0 src\FreeRTOS\tasks.o
                0x08002414                xTaskGenericCreate
 .text.vTaskDelayUntil
                0x08002604       0xd4 src\FreeRTOS\tasks.o
                0x08002604                vTaskDelayUntil
 .text.vTaskDelay
                0x080026d8       0x5c src\FreeRTOS\tasks.o
                0x080026d8                vTaskDelay
 .text.vTaskStartScheduler
                0x08002734       0x94 src\FreeRTOS\tasks.o
                0x08002734                vTaskStartScheduler
 .text.vTaskSuspendAll
                0x080027c8       0x24 src\FreeRTOS\tasks.o
                0x080027c8                vTaskSuspendAll
 .text.xTaskResumeAll
                0x080027ec      0x16c src\FreeRTOS\tasks.o
                0x080027ec                xTaskResumeAll
 .text.xTaskGetTickCount
                0x08002958       0x28 src\FreeRTOS\tasks.o
                0x08002958                xTaskGetTickCount
 .text.vTaskIncrementTick
                0x08002980      0x1e8 src\FreeRTOS\tasks.o
                0x08002980                vTaskIncrementTick
 .text.vTaskSwitchContext
                0x08002b68       0xe8 src\FreeRTOS\tasks.o
                0x08002b68                vTaskSwitchContext
 .text.vTaskPlaceOnEventList
                0x08002c50       0x88 src\FreeRTOS\tasks.o
                0x08002c50                vTaskPlaceOnEventList
 .text.vTaskPlaceOnEventListRestricted
                0x08002cd8       0x64 src\FreeRTOS\tasks.o
                0x08002cd8                vTaskPlaceOnEventListRestricted
 .text.xTaskRemoveFromEventList
                0x08002d3c       0xd4 src\FreeRTOS\tasks.o
                0x08002d3c                xTaskRemoveFromEventList
 .text.vTaskSetTimeOutState
                0x08002e10       0x40 src\FreeRTOS\tasks.o
                0x08002e10                vTaskSetTimeOutState
 .text.xTaskCheckForTimeOut
                0x08002e50       0xc4 src\FreeRTOS\tasks.o
                0x08002e50                xTaskCheckForTimeOut
 .text.vTaskMissedYield
                0x08002f14       0x18 src\FreeRTOS\tasks.o
                0x08002f14                vTaskMissedYield
 .text.prvIdleTask
                0x08002f2c       0x24 src\FreeRTOS\tasks.o
 .text.prvInitialiseTCBVariables
                0x08002f50       0x78 src\FreeRTOS\tasks.o
 .text.prvInitialiseTaskLists
                0x08002fc8       0xa4 src\FreeRTOS\tasks.o
 .text.prvCheckTasksWaitingTermination
                0x0800306c       0x98 src\FreeRTOS\tasks.o
 .text.prvAddCurrentTaskToDelayedList
                0x08003104       0x8c src\FreeRTOS\tasks.o
 .text.prvAllocateTCBAndStack
                0x08003190       0x74 src\FreeRTOS\tasks.o
 .text.prvDeleteTCB
                0x08003204       0x20 src\FreeRTOS\tasks.o
 .text.xTaskGetCurrentTaskHandle
                0x08003224       0x20 src\FreeRTOS\tasks.o
                0x08003224                xTaskGetCurrentTaskHandle
 .text.xTaskGetSchedulerState
                0x08003244       0x48 src\FreeRTOS\tasks.o
                0x08003244                xTaskGetSchedulerState
 .text.vTaskPriorityInherit
                0x0800328c       0xe8 src\FreeRTOS\tasks.o
                0x0800328c                vTaskPriorityInherit
 .text.vTaskPriorityDisinherit
                0x08003374       0x90 src\FreeRTOS\tasks.o
                0x08003374                vTaskPriorityDisinherit
 .text.xQueueGenericCreate
                0x08003404       0xec src\FreeRTOS\queue.o
                0x08003404                xQueueGenericCreate
 .text.xQueueGenericSend
                0x080034f0      0x158 src\FreeRTOS\queue.o
                0x080034f0                xQueueGenericSend
 .text.xQueueGenericSendFromISR
                0x08003648       0xd8 src\FreeRTOS\queue.o
                0x08003648                xQueueGenericSendFromISR
 .text.xQueueGenericReceive
                0x08003720      0x1bc src\FreeRTOS\queue.o
                0x08003720                xQueueGenericReceive
 .text.prvCopyDataToQueue
                0x080038dc       0xc8 src\FreeRTOS\queue.o
 .text.prvCopyDataFromQueue
                0x080039a4       0x50 src\FreeRTOS\queue.o
 .text.prvUnlockQueue
                0x080039f4       0xa0 src\FreeRTOS\queue.o
 .text.prvIsQueueEmpty
                0x08003a94       0x2c src\FreeRTOS\queue.o
 .text.prvIsQueueFull
                0x08003ac0       0x30 src\FreeRTOS\queue.o
 .text.vQueueWaitForMessageRestricted
                0x08003af0       0x5c src\FreeRTOS\queue.o
                0x08003af0                vQueueWaitForMessageRestricted
 .text.pvPortMalloc
                0x08003b4c       0xa4 src\FreeRTOS\portable\MemMang\heap_1.o
                0x08003b4c                pvPortMalloc
 .text.vPortFree
                0x08003bf0       0x14 src\FreeRTOS\portable\MemMang\heap_1.o
                0x08003bf0                vPortFree
 .text.pxPortInitialiseStack
                0x08003c04       0x68 src\FreeRTOS\portable\GCC\ARM_CM4F\port.o
                0x08003c04                pxPortInitialiseStack
 .text.SVC_Handler
                0x08003c6c       0x20 src\FreeRTOS\portable\GCC\ARM_CM4F\port.o
                0x08003c6c                SVC_Handler
 .text.vPortStartFirstTask
                0x08003c8c       0x14 src\FreeRTOS\portable\GCC\ARM_CM4F\port.o
                0x08003c8c                vPortStartFirstTask
 .text.xPortStartScheduler
                0x08003ca0       0x54 src\FreeRTOS\portable\GCC\ARM_CM4F\port.o
                0x08003ca0                xPortStartScheduler
 .text.vPortYieldFromISR
                0x08003cf4       0x18 src\FreeRTOS\portable\GCC\ARM_CM4F\port.o
                0x08003cf4                vPortYieldFromISR
 .text.vPortEnterCritical
                0x08003d0c       0x2c src\FreeRTOS\portable\GCC\ARM_CM4F\port.o
                0x08003d0c                vPortEnterCritical
 .text.vPortExitCritical
                0x08003d38       0x38 src\FreeRTOS\portable\GCC\ARM_CM4F\port.o
                0x08003d38                vPortExitCritical
 .text.PendSV_Handler
                0x08003d70       0x58 src\FreeRTOS\portable\GCC\ARM_CM4F\port.o
                0x08003d70                PendSV_Handler
 .text.SysTick_Handler
                0x08003dc8       0x38 src\FreeRTOS\portable\GCC\ARM_CM4F\port.o
                0x08003dc8                SysTick_Handler
 .text.prvSetupTimerInterrupt
                0x08003e00       0x40 src\FreeRTOS\portable\GCC\ARM_CM4F\port.o
 .text.vListInitialise
                0x08003e40       0x40 src\FreeRTOS\list.o
                0x08003e40                vListInitialise
 .text.vListInitialiseItem
                0x08003e80       0x1c src\FreeRTOS\list.o
                0x08003e80                vListInitialiseItem
 .text.vListInsertEnd
                0x08003e9c       0x54 src\FreeRTOS\list.o
                0x08003e9c                vListInsertEnd
 .text.vListInsert
                0x08003ef0       0x78 src\FreeRTOS\list.o
                0x08003ef0                vListInsert
 .text.vListRemove
                0x08003f68       0x54 src\FreeRTOS\list.o
                0x08003f68                vListRemove
 .text.USART_Init
                0x08003fbc      0x1ac Libraries\STM32F4xx_StdPeriph_Driver\src\stm32f4xx_usart.o
                0x08003fbc                USART_Init
 .text.USART_StructInit
                0x08004168       0x44 Libraries\STM32F4xx_StdPeriph_Driver\src\stm32f4xx_usart.o
                0x08004168                USART_StructInit
 .text.USART_ClockInit
                0x080041ac       0x54 Libraries\STM32F4xx_StdPeriph_Driver\src\stm32f4xx_usart.o
                0x080041ac                USART_ClockInit
 .text.USART_ClockStructInit
                0x08004200       0x34 Libraries\STM32F4xx_StdPeriph_Driver\src\stm32f4xx_usart.o
                0x08004200                USART_ClockStructInit
 .text.USART_Cmd
                0x08004234       0x40 Libraries\STM32F4xx_StdPeriph_Driver\src\stm32f4xx_usart.o
                0x08004234                USART_Cmd
 .text.USART_SendData
                0x08004274       0x28 Libraries\STM32F4xx_StdPeriph_Driver\src\stm32f4xx_usart.o
                0x08004274                USART_SendData
 .text.USART_ReceiveData
                0x0800429c       0x24 Libraries\STM32F4xx_StdPeriph_Driver\src\stm32f4xx_usart.o
                0x0800429c                USART_ReceiveData
 .text.USART_ITConfig
                0x080042c0       0xa4 Libraries\STM32F4xx_StdPeriph_Driver\src\stm32f4xx_usart.o
                0x080042c0                USART_ITConfig
 .text.USART_GetFlagStatus
                0x08004364       0x40 Libraries\STM32F4xx_StdPeriph_Driver\src\stm32f4xx_usart.o
                0x08004364                USART_GetFlagStatus
 .text.USART_ClearFlag
                0x080043a4       0x24 Libraries\STM32F4xx_StdPeriph_Driver\src\stm32f4xx_usart.o
                0x080043a4                USART_ClearFlag
 .text.TIM_TimeBaseInit
                0x080043c8       0xf4 Libraries\STM32F4xx_StdPeriph_Driver\src\stm32f4xx_tim.o
                0x080043c8                TIM_TimeBaseInit
 .text.TIM_ARRPreloadConfig
                0x080044bc       0x40 Libraries\STM32F4xx_StdPeriph_Driver\src\stm32f4xx_tim.o
                0x080044bc                TIM_ARRPreloadConfig
 .text.TIM_Cmd  0x080044fc       0x40 Libraries\STM32F4xx_StdPeriph_Driver\src\stm32f4xx_tim.o
                0x080044fc                TIM_Cmd
 .text.TIM_OC1Init
                0x0800453c       0xfc Libraries\STM32F4xx_StdPeriph_Driver\src\stm32f4xx_tim.o
                0x0800453c                TIM_OC1Init
 .text.TIM_OC2Init
                0x08004638      0x128 Libraries\STM32F4xx_StdPeriph_Driver\src\stm32f4xx_tim.o
                0x08004638                TIM_OC2Init
 .text.TIM_OC3Init
                0x08004760      0x120 Libraries\STM32F4xx_StdPeriph_Driver\src\stm32f4xx_tim.o
                0x08004760                TIM_OC3Init
 .text.TIM_OC4Init
                0x08004880       0xe0 Libraries\STM32F4xx_StdPeriph_Driver\src\stm32f4xx_tim.o
                0x08004880                TIM_OC4Init
 .text.TIM_OC1PreloadConfig
                0x08004960       0x38 Libraries\STM32F4xx_StdPeriph_Driver\src\stm32f4xx_tim.o
                0x08004960                TIM_OC1PreloadConfig
 .text.TIM_OC2PreloadConfig
                0x08004998       0x40 Libraries\STM32F4xx_StdPeriph_Driver\src\stm32f4xx_tim.o
                0x08004998                TIM_OC2PreloadConfig
 .text.TIM_OC3PreloadConfig
                0x080049d8       0x38 Libraries\STM32F4xx_StdPeriph_Driver\src\stm32f4xx_tim.o
                0x080049d8                TIM_OC3PreloadConfig
 .text.TIM_OC4PreloadConfig
                0x08004a10       0x40 Libraries\STM32F4xx_StdPeriph_Driver\src\stm32f4xx_tim.o
                0x08004a10                TIM_OC4PreloadConfig
 .text.SPI_I2S_DeInit
                0x08004a50       0x88 Libraries\STM32F4xx_StdPeriph_Driver\src\stm32f4xx_spi.o
                0x08004a50                SPI_I2S_DeInit
 .text.SPI_Init
                0x08004ad8       0x88 Libraries\STM32F4xx_StdPeriph_Driver\src\stm32f4xx_spi.o
                0x08004ad8                SPI_Init
 .text.SPI_Cmd  0x08004b60       0x40 Libraries\STM32F4xx_StdPeriph_Driver\src\stm32f4xx_spi.o
                0x08004b60                SPI_Cmd
 .text.SPI_I2S_ReceiveData
                0x08004ba0       0x1c Libraries\STM32F4xx_StdPeriph_Driver\src\stm32f4xx_spi.o
                0x08004ba0                SPI_I2S_ReceiveData
 .text.SPI_I2S_SendData
                0x08004bbc       0x1c Libraries\STM32F4xx_StdPeriph_Driver\src\stm32f4xx_spi.o
                0x08004bbc                SPI_I2S_SendData
 .text.SPI_I2S_GetFlagStatus
                0x08004bd8       0x40 Libraries\STM32F4xx_StdPeriph_Driver\src\stm32f4xx_spi.o
                0x08004bd8                SPI_I2S_GetFlagStatus
 .text.RCC_GetClocksFreq
                0x08004c18      0x1d0 Libraries\STM32F4xx_StdPeriph_Driver\src\stm32f4xx_rcc.o
                0x08004c18                RCC_GetClocksFreq
 .text.RCC_AHB1PeriphClockCmd
                0x08004de8       0x58 Libraries\STM32F4xx_StdPeriph_Driver\src\stm32f4xx_rcc.o
                0x08004de8                RCC_AHB1PeriphClockCmd
 .text.RCC_APB1PeriphClockCmd
                0x08004e40       0x58 Libraries\STM32F4xx_StdPeriph_Driver\src\stm32f4xx_rcc.o
                0x08004e40                RCC_APB1PeriphClockCmd
 .text.RCC_APB2PeriphClockCmd
                0x08004e98       0x58 Libraries\STM32F4xx_StdPeriph_Driver\src\stm32f4xx_rcc.o
                0x08004e98                RCC_APB2PeriphClockCmd
 .text.RCC_APB1PeriphResetCmd
                0x08004ef0       0x58 Libraries\STM32F4xx_StdPeriph_Driver\src\stm32f4xx_rcc.o
                0x08004ef0                RCC_APB1PeriphResetCmd
 .text.RCC_APB2PeriphResetCmd
                0x08004f48       0x58 Libraries\STM32F4xx_StdPeriph_Driver\src\stm32f4xx_rcc.o
                0x08004f48                RCC_APB2PeriphResetCmd
 .text.RCC_GetFlagStatus
                0x08004fa0       0x90 Libraries\STM32F4xx_StdPeriph_Driver\src\stm32f4xx_rcc.o
                0x08004fa0                RCC_GetFlagStatus
 .text.PWR_GetFlagStatus
                0x08005030       0x40 Libraries\STM32F4xx_StdPeriph_Driver\src\stm32f4xx_pwr.o
                0x08005030                PWR_GetFlagStatus
 .text.GPIO_Init
                0x08005070      0x154 Libraries\STM32F4xx_StdPeriph_Driver\src\stm32f4xx_gpio.o
                0x08005070                GPIO_Init
 .text.GPIO_SetBits
                0x080051c4       0x1c Libraries\STM32F4xx_StdPeriph_Driver\src\stm32f4xx_gpio.o
                0x080051c4                GPIO_SetBits
 .text.GPIO_ResetBits
                0x080051e0       0x1c Libraries\STM32F4xx_StdPeriph_Driver\src\stm32f4xx_gpio.o
                0x080051e0                GPIO_ResetBits
 .text.GPIO_PinAFConfig
                0x080051fc       0xac Libraries\STM32F4xx_StdPeriph_Driver\src\stm32f4xx_gpio.o
                0x080051fc                GPIO_PinAFConfig
 .text.STM_EVAL_LEDInit
                0x080052a8       0x6c Libraries\STM32F4xx_StdPeriph_Driver\src\stm32f4_discovery.o
                0x080052a8                STM_EVAL_LEDInit
 .text.STM_EVAL_LEDOn
                0x08005314       0x34 Libraries\STM32F4xx_StdPeriph_Driver\src\stm32f4_discovery.o
                0x08005314                STM_EVAL_LEDOn
 .text.__libc_init_array
                0x08005348       0x48 c:/program files/atollic/truestudio for arm lite 3.1.0/armtools/bin/../lib/gcc/arm-atollic-eabi/4.6.2/../../../../arm-atollic-eabi/lib/thumb/softfp/armv7e-m/fpv4-sp-d16\libc.a(lib_a-init.o)
                0x08005348                __libc_init_array
 .text.memcpy   0x08005390       0x12 c:/program files/atollic/truestudio for arm lite 3.1.0/armtools/bin/../lib/gcc/arm-atollic-eabi/4.6.2/../../../../arm-atollic-eabi/lib/thumb/softfp/armv7e-m/fpv4-sp-d16\libc.a(lib_a-memcpy.o)
                0x08005390                memcpy
 .text.memset   0x080053a2        0xe c:/program files/atollic/truestudio for arm lite 3.1.0/armtools/bin/../lib/gcc/arm-atollic-eabi/4.6.2/../../../../arm-atollic-eabi/lib/thumb/softfp/armv7e-m/fpv4-sp-d16\libc.a(lib_a-memset.o)
                0x080053a2                memset
 .text.strncpy  0x080053b0       0x28 c:/program files/atollic/truestudio for arm lite 3.1.0/armtools/bin/../lib/gcc/arm-atollic-eabi/4.6.2/../../../../arm-atollic-eabi/lib/thumb/softfp/armv7e-m/fpv4-sp-d16\libc.a(lib_a-strncpy.o)
                0x080053b0                strncpy
 *(.rodata)
 .rodata        0x080053d8       0x10 src\mems.o
 .rodata        0x080053e8       0x38 src\main.o
 .rodata        0x08005420      0x210 src\debug.o
 .rodata        0x08005630        0x8 src\FreeRTOS\timers.o
 .rodata        0x08005638       0x20 src\FreeRTOS\tasks.o
 *(.rodata*)
 .rodata.uc16PercentToPWM
                0x08005658       0xc8 src\utils.o
                0x08005658                uc16PercentToPWM
 .rodata.GPIO_PIN
                0x08005720        0x8 Libraries\STM32F4xx_StdPeriph_Driver\src\stm32f4_discovery.o
                0x08005720                GPIO_PIN
 .rodata.GPIO_CLK
                0x08005728       0x10 Libraries\STM32F4xx_StdPeriph_Driver\src\stm32f4_discovery.o
                0x08005728                GPIO_CLK
 *(.glue_7)
 .glue_7        0x00000000        0x0 linker stubs
 *(.glue_7t)
 .glue_7t       0x00000000        0x0 linker stubs
 *(.eh_frame)
 .eh_frame      0x08005738        0x0 c:/program files/atollic/truestudio for arm lite 3.1.0/armtools/bin/../lib/gcc/arm-atollic-eabi/4.6.2/thumb/softfp/armv7e-m/fpv4-sp-d16/crtbegin.o
 *(.init)
 .init          0x08005738        0x4 c:/program files/atollic/truestudio for arm lite 3.1.0/armtools/bin/../lib/gcc/arm-atollic-eabi/4.6.2/thumb/softfp/armv7e-m/fpv4-sp-d16/crti.o
                0x08005738                _init
 .init          0x0800573c        0x8 c:/program files/atollic/truestudio for arm lite 3.1.0/armtools/bin/../lib/gcc/arm-atollic-eabi/4.6.2/thumb/softfp/armv7e-m/fpv4-sp-d16/crtn.o
 *(.fini)
 .fini          0x08005744        0x4 c:/program files/atollic/truestudio for arm lite 3.1.0/armtools/bin/../lib/gcc/arm-atollic-eabi/4.6.2/thumb/softfp/armv7e-m/fpv4-sp-d16/crti.o
                0x08005744                _fini
 .fini          0x08005748        0x8 c:/program files/atollic/truestudio for arm lite 3.1.0/armtools/bin/../lib/gcc/arm-atollic-eabi/4.6.2/thumb/softfp/armv7e-m/fpv4-sp-d16/crtn.o
                0x08005750                . = ALIGN (0x4)
                0x08005750                _etext = .

.vfp11_veneer   0x08005750        0x0
 .vfp11_veneer  0x00000000        0x0 linker stubs

.v4_bx          0x08005750        0x0
 .v4_bx         0x00000000        0x0 linker stubs

.ARM.extab
 *(.ARM.extab* .gnu.linkonce.armextab.*)

.ARM            0x08005750        0x0
                0x08005750                __exidx_start = .
 *(.ARM.exidx*)
                0x08005750                __exidx_end = .

.preinit_array  0x08005750        0x0
                0x08005750                PROVIDE (__preinit_array_start, .)
 *(.preinit_array*)
                0x08005750                PROVIDE (__preinit_array_end, .)

.init_array     0x08005750        0x4
                0x08005750                PROVIDE (__init_array_start, .)
 *(SORT(.init_array.*))
 *(.init_array*)
 .init_array    0x08005750        0x4 c:/program files/atollic/truestudio for arm lite 3.1.0/armtools/bin/../lib/gcc/arm-atollic-eabi/4.6.2/thumb/softfp/armv7e-m/fpv4-sp-d16/crtbegin.o
                0x08005754                PROVIDE (__init_array_end, .)

.fini_array     0x08005754        0x4
                0x08005754                PROVIDE (__fini_array_start, .)
 *(.fini_array*)
 .fini_array    0x08005754        0x4 c:/program files/atollic/truestudio for arm lite 3.1.0/armtools/bin/../lib/gcc/arm-atollic-eabi/4.6.2/thumb/softfp/armv7e-m/fpv4-sp-d16/crtbegin.o
 *(SORT(.fini_array.*))
                0x08005758                PROVIDE (__fini_array_end, .)
                0x08005758                _sidata = .

.data           0x20000000       0x48 load address 0x08005758
                0x20000000                . = ALIGN (0x4)
                0x20000000                _sdata = .
 *(.data)
 *(.data*)
 .data.CCR1_Val
                0x20000000        0x2 src\utils.o
                0x20000000                CCR1_Val
 .data.CCR2_Val
                0x20000002        0x2 src\utils.o
                0x20000002                CCR2_Val
 .data.CCR3_Val
                0x20000004        0x2 src\utils.o
                0x20000004                CCR3_Val
 .data.CCR4_Val
                0x20000006        0x2 src\utils.o
                0x20000006                CCR4_Val
 .data.SystemCoreClock
                0x20000008        0x4 src\system_stm32f4xx.o
                0x20000008                SystemCoreClock
 .data.AHBPrescTable
                0x2000000c       0x10 src\system_stm32f4xx.o
                0x2000000c                AHBPrescTable
 .data.LIS302DLTimeout
                0x2000001c        0x4 src\stm32f4_discovery_lis302dl.o
                0x2000001c                LIS302DLTimeout
 .data.xNextTaskUnblockTime
                0x20000020        0x4 src\FreeRTOS\tasks.o
 .data.uxCriticalNesting
                0x20000024        0x4 src\FreeRTOS\portable\GCC\ARM_CM4F\port.o
 .data.APBAHBPrescTable
                0x20000028       0x10 Libraries\STM32F4xx_StdPeriph_Driver\src\stm32f4xx_rcc.o
 .data.GPIO_PORT
                0x20000038       0x10 Libraries\STM32F4xx_StdPeriph_Driver\src\stm32f4_discovery.o
                0x20000038                GPIO_PORT
                0x20000048                . = ALIGN (0x4)
                0x20000048                _edata = .

.jcr            0x20000048        0x0 load address 0x080057a0
 .jcr           0x20000048        0x0 c:/program files/atollic/truestudio for arm lite 3.1.0/armtools/bin/../lib/gcc/arm-atollic-eabi/4.6.2/thumb/softfp/armv7e-m/fpv4-sp-d16/crtbegin.o
                0x20000048                . = ALIGN (0x4)

.bss            0x20000048     0x15bc load address 0x080057a0
                0x20000048                _sbss = .
                0x20000048                __bss_start__ = _sbss
 *(.bss)
 .bss           0x20000048       0x1c c:/program files/atollic/truestudio for arm lite 3.1.0/armtools/bin/../lib/gcc/arm-atollic-eabi/4.6.2/thumb/softfp/armv7e-m/fpv4-sp-d16/crtbegin.o
 *(.bss*)
 .bss.PrescalerValue
                0x20000064        0x2 src\utils.o
                0x20000064                PrescalerValue
 .bss.uart2_cnt
                0x20000066        0x2 src\stm32f4xx_it.o
                0x20000066                uart2_cnt
 .bss.fMems_Debug
                0x20000068        0x1 src\mems.o
                0x20000068                fMems_Debug
 *fill*         0x20000069        0x7 00
 .bss.u64Ticks  0x20000070        0x8 src\main.o
                0x20000070                u64Ticks
 .bss.u64IdleTicks
                0x20000078        0x8 src\main.o
                0x20000078                u64IdleTicks
 .bss.u64IdleTicksCnt
                0x20000080        0x8 src\main.o
                0x20000080                u64IdleTicksCnt
 .bss.xActiveTimerList1
                0x20000088       0x14 src\FreeRTOS\timers.o
 .bss.xActiveTimerList2
                0x2000009c       0x14 src\FreeRTOS\timers.o
 .bss.pxCurrentTimerList
                0x200000b0        0x4 src\FreeRTOS\timers.o
 .bss.pxOverflowTimerList
                0x200000b4        0x4 src\FreeRTOS\timers.o
 .bss.xTimerQueue
                0x200000b8        0x4 src\FreeRTOS\timers.o
 .bss.xLastTime.7525
                0x200000bc        0x4 src\FreeRTOS\timers.o
 .bss.pxCurrentTCB
                0x200000c0        0x4 src\FreeRTOS\tasks.o
                0x200000c0                pxCurrentTCB
 .bss.pxReadyTasksLists
                0x200000c4       0x64 src\FreeRTOS\tasks.o
 .bss.xDelayedTaskList1
                0x20000128       0x14 src\FreeRTOS\tasks.o
 .bss.xDelayedTaskList2
                0x2000013c       0x14 src\FreeRTOS\tasks.o
 .bss.pxDelayedTaskList
                0x20000150        0x4 src\FreeRTOS\tasks.o
 .bss.pxOverflowDelayedTaskList
                0x20000154        0x4 src\FreeRTOS\tasks.o
 .bss.xPendingReadyList
                0x20000158       0x14 src\FreeRTOS\tasks.o
 .bss.xTasksWaitingTermination
                0x2000016c       0x14 src\FreeRTOS\tasks.o
 .bss.uxTasksDeleted
                0x20000180        0x4 src\FreeRTOS\tasks.o
 .bss.xSuspendedTaskList
                0x20000184       0x14 src\FreeRTOS\tasks.o
 .bss.uxCurrentNumberOfTasks
                0x20000198        0x4 src\FreeRTOS\tasks.o
 .bss.xTickCount
                0x2000019c        0x4 src\FreeRTOS\tasks.o
 .bss.uxTopUsedPriority
                0x200001a0        0x4 src\FreeRTOS\tasks.o
 .bss.uxTopReadyPriority
                0x200001a4        0x4 src\FreeRTOS\tasks.o
 .bss.xSchedulerRunning
                0x200001a8        0x4 src\FreeRTOS\tasks.o
 .bss.uxSchedulerSuspended
                0x200001ac        0x4 src\FreeRTOS\tasks.o
 .bss.uxMissedTicks
                0x200001b0        0x4 src\FreeRTOS\tasks.o
 .bss.xMissedYield
                0x200001b4        0x4 src\FreeRTOS\tasks.o
 .bss.xNumOfOverflows
                0x200001b8        0x4 src\FreeRTOS\tasks.o
 .bss.uxTCBNumber
                0x200001bc        0x4 src\FreeRTOS\tasks.o
 .bss.xHeap     0x200001c0     0x1400 src\FreeRTOS\portable\MemMang\heap_1.o
 .bss.xNextFreeByte
                0x200015c0        0x4 src\FreeRTOS\portable\MemMang\heap_1.o
 *(COMMON)
 COMMON         0x200015c4       0x20 src\utils.o
                0x200015c4                TIM_TimeBaseStructure
                0x200015d0                TIM_OCInitStructure
 COMMON         0x200015e4        0xe src\mems.o
                0x200015e4                accel
                0x200015ec                s8buff
 *fill*         0x200015f2        0x2 00
 COMMON         0x200015f4        0xc src\main.o
                0x200015f4                hDebugTask
                0x200015f8                hTimeTask
                0x200015fc                hMemsTask
 COMMON         0x20001600        0x4 src\debug.o
                0x20001600                xDebugQueue
                0x20001604                . = ALIGN (0x4)
                0x20001604                _ebss = .
                0x20001604                __bss_end__ = _ebss

._user_heap_stack
                0x20001604      0x400 load address 0x080057a0
                0x20001604                . = ALIGN (0x4)
                0x20001604                PROVIDE (end, .)
                0x20001604                PROVIDE (_end, .)
                0x20001604                . = (. + _Min_Heap_Size)
                0x20001a04                . = (. + _Min_Stack_Size)
 *fill*         0x20001604      0x400 00
                0x20001a04                . = ALIGN (0x4)

.memory_b1_text
 *(.mb1text)
 *(.mb1text*)
 *(.mb1rodata)
 *(.mb1rodata*)

/DISCARD/
 libc.a(*)
 libm.a(*)
 libgcc.a(*)

.ARM.attributes
                0x00000000       0x30
 *(.ARM.attributes)
 .ARM.attributes
                0x00000000       0x24 c:/program files/atollic/truestudio for arm lite 3.1.0/armtools/bin/../lib/gcc/arm-atollic-eabi/4.6.2/thumb/softfp/armv7e-m/fpv4-sp-d16/crti.o
 .ARM.attributes
                0x00000024       0x34 c:/program files/atollic/truestudio for arm lite 3.1.0/armtools/bin/../lib/gcc/arm-atollic-eabi/4.6.2/thumb/softfp/armv7e-m/fpv4-sp-d16/crtbegin.o
 .ARM.attributes
                0x00000058       0x39 src\utils.o
 .ARM.attributes
                0x00000091       0x39 src\system_stm32f4xx.o
 .ARM.attributes
                0x000000ca       0x39 src\stm32f4xx_it.o
 .ARM.attributes
                0x00000103       0x39 src\stm32f4_discovery_lis302dl.o
 .ARM.attributes
                0x0000013c       0x21 src\startup_stm32f4xx.o
 .ARM.attributes
                0x0000015d       0x39 src\mems.o
 .ARM.attributes
                0x00000196       0x39 src\main.o
 .ARM.attributes
                0x000001cf       0x39 src\eobd.o
 .ARM.attributes
                0x00000208       0x39 src\debug.o
 .ARM.attributes
                0x00000241       0x39 src\FreeRTOS\timers.o
 .ARM.attributes
                0x0000027a       0x39 src\FreeRTOS\tasks.o
 .ARM.attributes
                0x000002b3       0x39 src\FreeRTOS\queue.o
 .ARM.attributes
                0x000002ec       0x39 src\FreeRTOS\portable\MemMang\heap_1.o
 .ARM.attributes
                0x00000325       0x39 src\FreeRTOS\portable\GCC\ARM_CM4F\port.o
 .ARM.attributes
                0x0000035e       0x39 src\FreeRTOS\list.o
 .ARM.attributes
                0x00000397       0x39 src\FreeRTOS\croutine.o
 .ARM.attributes
                0x000003d0       0x39 Libraries\STM32F4xx_StdPeriph_Driver\src\stm32f4xx_wwdg.o
 .ARM.attributes
                0x00000409       0x39 Libraries\STM32F4xx_StdPeriph_Driver\src\stm32f4xx_usart.o
 .ARM.attributes
                0x00000442       0x39 Libraries\STM32F4xx_StdPeriph_Driver\src\stm32f4xx_tim.o
 .ARM.attributes
                0x0000047b       0x39 Libraries\STM32F4xx_StdPeriph_Driver\src\stm32f4xx_syscfg.o
 .ARM.attributes
                0x000004b4       0x39 Libraries\STM32F4xx_StdPeriph_Driver\src\stm32f4xx_spi.o
 .ARM.attributes
                0x000004ed       0x39 Libraries\STM32F4xx_StdPeriph_Driver\src\stm32f4xx_sdio.o
 .ARM.attributes
                0x00000526       0x39 Libraries\STM32F4xx_StdPeriph_Driver\src\stm32f4xx_rtc.o
 .ARM.attributes
                0x0000055f       0x39 Libraries\STM32F4xx_StdPeriph_Driver\src\stm32f4xx_rng.o
 .ARM.attributes
                0x00000598       0x39 Libraries\STM32F4xx_StdPeriph_Driver\src\stm32f4xx_rcc.o
 .ARM.attributes
                0x000005d1       0x39 Libraries\STM32F4xx_StdPeriph_Driver\src\stm32f4xx_pwr.o
 .ARM.attributes
                0x0000060a       0x39 Libraries\STM32F4xx_StdPeriph_Driver\src\stm32f4xx_iwdg.o
 .ARM.attributes
                0x00000643       0x39 Libraries\STM32F4xx_StdPeriph_Driver\src\stm32f4xx_i2c.o
 .ARM.attributes
                0x0000067c       0x39 Libraries\STM32F4xx_StdPeriph_Driver\src\stm32f4xx_hash_sha1.o
 .ARM.attributes
                0x000006b5       0x39 Libraries\STM32F4xx_StdPeriph_Driver\src\stm32f4xx_hash_md5.o
 .ARM.attributes
                0x000006ee       0x39 Libraries\STM32F4xx_StdPeriph_Driver\src\stm32f4xx_hash.o
 .ARM.attributes
                0x00000727       0x39 Libraries\STM32F4xx_StdPeriph_Driver\src\stm32f4xx_gpio.o
 .ARM.attributes
                0x00000760       0x39 Libraries\STM32F4xx_StdPeriph_Driver\src\stm32f4xx_fsmc.o
 .ARM.attributes
                0x00000799       0x39 Libraries\STM32F4xx_StdPeriph_Driver\src\stm32f4xx_flash.o
 .ARM.attributes
                0x000007d2       0x39 Libraries\STM32F4xx_StdPeriph_Driver\src\stm32f4xx_exti.o
 .ARM.attributes
                0x0000080b       0x39 Libraries\STM32F4xx_StdPeriph_Driver\src\stm32f4xx_dma.o
 .ARM.attributes
                0x00000844       0x39 Libraries\STM32F4xx_StdPeriph_Driver\src\stm32f4xx_dcmi.o
 .ARM.attributes
                0x0000087d       0x39 Libraries\STM32F4xx_StdPeriph_Driver\src\stm32f4xx_dbgmcu.o
 .ARM.attributes
                0x000008b6       0x39 Libraries\STM32F4xx_StdPeriph_Driver\src\stm32f4xx_dac.o
 .ARM.attributes
                0x000008ef       0x39 Libraries\STM32F4xx_StdPeriph_Driver\src\stm32f4xx_cryp_tdes.o
 .ARM.attributes
                0x00000928       0x39 Libraries\STM32F4xx_StdPeriph_Driver\src\stm32f4xx_cryp_des.o
 .ARM.attributes
                0x00000961       0x39 Libraries\STM32F4xx_StdPeriph_Driver\src\stm32f4xx_cryp_aes.o
 .ARM.attributes
                0x0000099a       0x39 Libraries\STM32F4xx_StdPeriph_Driver\src\stm32f4xx_cryp.o
 .ARM.attributes
                0x000009d3       0x39 Libraries\STM32F4xx_StdPeriph_Driver\src\stm32f4xx_crc.o
 .ARM.attributes
                0x00000a0c       0x39 Libraries\STM32F4xx_StdPeriph_Driver\src\stm32f4xx_can.o
 .ARM.attributes
                0x00000a45       0x39 Libraries\STM32F4xx_StdPeriph_Driver\src\stm32f4xx_adc.o
 .ARM.attributes
                0x00000a7e       0x39 Libraries\STM32F4xx_StdPeriph_Driver\src\stm32f4_discovery.o
 .ARM.attributes
                0x00000ab7       0x39 Libraries\STM32F4xx_StdPeriph_Driver\src\misc.o
 .ARM.attributes
                0x00000af0       0x34 c:/program files/atollic/truestudio for arm lite 3.1.0/armtools/bin/../lib/gcc/arm-atollic-eabi/4.6.2/../../../../arm-atollic-eabi/lib/thumb/softfp/armv7e-m/fpv4-sp-d16\libc.a(lib_a-init.o)
 .ARM.attributes
                0x00000b24       0x34 c:/program files/atollic/truestudio for arm lite 3.1.0/armtools/bin/../lib/gcc/arm-atollic-eabi/4.6.2/../../../../arm-atollic-eabi/lib/thumb/softfp/armv7e-m/fpv4-sp-d16\libc.a(lib_a-memcpy.o)
 .ARM.attributes
                0x00000b58       0x34 c:/program files/atollic/truestudio for arm lite 3.1.0/armtools/bin/../lib/gcc/arm-atollic-eabi/4.6.2/../../../../arm-atollic-eabi/lib/thumb/softfp/armv7e-m/fpv4-sp-d16\libc.a(lib_a-memset.o)
 .ARM.attributes
                0x00000b8c       0x34 c:/program files/atollic/truestudio for arm lite 3.1.0/armtools/bin/../lib/gcc/arm-atollic-eabi/4.6.2/../../../../arm-atollic-eabi/lib/thumb/softfp/armv7e-m/fpv4-sp-d16\libc.a(lib_a-sprintf.o)
 .ARM.attributes
                0x00000bc0       0x34 c:/program files/atollic/truestudio for arm lite 3.1.0/armtools/bin/../lib/gcc/arm-atollic-eabi/4.6.2/../../../../arm-atollic-eabi/lib/thumb/softfp/armv7e-m/fpv4-sp-d16\libc.a(lib_a-strcat.o)
 .ARM.attributes
                0x00000bf4       0x34 c:/program files/atollic/truestudio for arm lite 3.1.0/armtools/bin/../lib/gcc/arm-atollic-eabi/4.6.2/../../../../arm-atollic-eabi/lib/thumb/softfp/armv7e-m/fpv4-sp-d16\libc.a(lib_a-strlen.o)
 .ARM.attributes
                0x00000c28       0x34 c:/program files/atollic/truestudio for arm lite 3.1.0/armtools/bin/../lib/gcc/arm-atollic-eabi/4.6.2/../../../../arm-atollic-eabi/lib/thumb/softfp/armv7e-m/fpv4-sp-d16\libc.a(lib_a-strncpy.o)
 .ARM.attributes
                0x00000c5c       0x34 c:/program files/atollic/truestudio for arm lite 3.1.0/armtools/bin/../lib/gcc/arm-atollic-eabi/4.6.2/../../../../arm-atollic-eabi/lib/thumb/softfp/armv7e-m/fpv4-sp-d16\libc.a(lib_a-svfprintf.o)
 .ARM.attributes
                0x00000c90       0x34 c:/program files/atollic/truestudio for arm lite 3.1.0/armtools/bin/../lib/gcc/arm-atollic-eabi/4.6.2/../../../../arm-atollic-eabi/lib/thumb/softfp/armv7e-m/fpv4-sp-d16\libc.a(lib_a-dtoa.o)
 .ARM.attributes
                0x00000cc4       0x34 c:/program files/atollic/truestudio for arm lite 3.1.0/armtools/bin/../lib/gcc/arm-atollic-eabi/4.6.2/../../../../arm-atollic-eabi/lib/thumb/softfp/armv7e-m/fpv4-sp-d16\libc.a(lib_a-impure.o)
 .ARM.attributes
                0x00000cf8       0x34 c:/program files/atollic/truestudio for arm lite 3.1.0/armtools/bin/../lib/gcc/arm-atollic-eabi/4.6.2/../../../../arm-atollic-eabi/lib/thumb/softfp/armv7e-m/fpv4-sp-d16\libc.a(lib_a-locale.o)
 .ARM.attributes
                0x00000d2c       0x34 c:/program files/atollic/truestudio for arm lite 3.1.0/armtools/bin/../lib/gcc/arm-atollic-eabi/4.6.2/../../../../arm-atollic-eabi/lib/thumb/softfp/armv7e-m/fpv4-sp-d16\libc.a(lib_a-malloc.o)
 .ARM.attributes
                0x00000d60       0x34 c:/program files/atollic/truestudio for arm lite 3.1.0/armtools/bin/../lib/gcc/arm-atollic-eabi/4.6.2/../../../../arm-atollic-eabi/lib/thumb/softfp/armv7e-m/fpv4-sp-d16\libc.a(lib_a-mallocr.o)
 .ARM.attributes
                0x00000d94       0x34 c:/program files/atollic/truestudio for arm lite 3.1.0/armtools/bin/../lib/gcc/arm-atollic-eabi/4.6.2/../../../../arm-atollic-eabi/lib/thumb/softfp/armv7e-m/fpv4-sp-d16\libc.a(lib_a-memchr.o)
 .ARM.attributes
                0x00000dc8       0x34 c:/program files/atollic/truestudio for arm lite 3.1.0/armtools/bin/../lib/gcc/arm-atollic-eabi/4.6.2/../../../../arm-atollic-eabi/lib/thumb/softfp/armv7e-m/fpv4-sp-d16\libc.a(lib_a-mlock.o)
 .ARM.attributes
                0x00000dfc       0x34 c:/program files/atollic/truestudio for arm lite 3.1.0/armtools/bin/../lib/gcc/arm-atollic-eabi/4.6.2/../../../../arm-atollic-eabi/lib/thumb/softfp/armv7e-m/fpv4-sp-d16\libc.a(lib_a-mprec.o)
 .ARM.attributes
                0x00000e30       0x34 c:/program files/atollic/truestudio for arm lite 3.1.0/armtools/bin/../lib/gcc/arm-atollic-eabi/4.6.2/../../../../arm-atollic-eabi/lib/thumb/softfp/armv7e-m/fpv4-sp-d16\libc.a(lib_a-s_fpclassify.o)
 .ARM.attributes
                0x00000e64       0x34 c:/program files/atollic/truestudio for arm lite 3.1.0/armtools/bin/../lib/gcc/arm-atollic-eabi/4.6.2/../../../../arm-atollic-eabi/lib/thumb/softfp/armv7e-m/fpv4-sp-d16\libc.a(lib_a-sbrkr.o)
 .ARM.attributes
                0x00000e98       0x34 c:/program files/atollic/truestudio for arm lite 3.1.0/armtools/bin/../lib/gcc/arm-atollic-eabi/4.6.2/../../../../arm-atollic-eabi/lib/thumb/softfp/armv7e-m/fpv4-sp-d16\libc.a(lib_a-strcmp.o)
 .ARM.attributes
                0x00000ecc       0x34 c:/program files/atollic/truestudio for arm lite 3.1.0/armtools/bin/../lib/gcc/arm-atollic-eabi/4.6.2/../../../../arm-atollic-eabi/lib/thumb/softfp/armv7e-m/fpv4-sp-d16\libc.a(lib_a-svfiprintf.o)
 .ARM.attributes
                0x00000f00       0x34 c:/program files/atollic/truestudio for arm lite 3.1.0/armtools/bin/../lib/gcc/arm-atollic-eabi/4.6.2/../../../../arm-atollic-eabi/lib/thumb/softfp/armv7e-m/fpv4-sp-d16\libc.a(lib_a-syscalls.o)
 .ARM.attributes
                0x00000f34       0x34 c:/program files/atollic/truestudio for arm lite 3.1.0/armtools/bin/../lib/gcc/arm-atollic-eabi/4.6.2/../../../../arm-atollic-eabi/lib/thumb/softfp/armv7e-m/fpv4-sp-d16\libc.a(lib_a-callocr.o)
 .ARM.attributes
                0x00000f68       0x34 c:/program files/atollic/truestudio for arm lite 3.1.0/armtools/bin/../lib/gcc/arm-atollic-eabi/4.6.2/../../../../arm-atollic-eabi/lib/thumb/softfp/armv7e-m/fpv4-sp-d16\libc.a(lib_a-freer.o)
 .ARM.attributes
                0x00000f9c       0x34 c:/program files/atollic/truestudio for arm lite 3.1.0/armtools/bin/../lib/gcc/arm-atollic-eabi/4.6.2/../../../../arm-atollic-eabi/lib/thumb/softfp/armv7e-m/fpv4-sp-d16\libc.a(lib_a-memmove.o)
 .ARM.attributes
                0x00000fd0       0x34 c:/program files/atollic/truestudio for arm lite 3.1.0/armtools/bin/../lib/gcc/arm-atollic-eabi/4.6.2/../../../../arm-atollic-eabi/lib/thumb/softfp/armv7e-m/fpv4-sp-d16\libc.a(lib_a-reallocr.o)
 .ARM.attributes
                0x00001004       0x34 c:/program files/atollic/truestudio for arm lite 3.1.0/armtools/bin/../lib/gcc/arm-atollic-eabi/4.6.2/../../../../arm-atollic-eabi/lib/thumb/softfp/armv7e-m/fpv4-sp-d16\libc.a(lib_a-reent.o)
 .ARM.attributes
                0x00001038       0x24 c:/program files/atollic/truestudio for arm lite 3.1.0/armtools/bin/../lib/gcc/arm-atollic-eabi/4.6.2/thumb/softfp/armv7e-m/fpv4-sp-d16\libgcc.a(_arm_addsubdf3.o)
 .ARM.attributes
                0x0000105c       0x24 c:/program files/atollic/truestudio for arm lite 3.1.0/armtools/bin/../lib/gcc/arm-atollic-eabi/4.6.2/thumb/softfp/armv7e-m/fpv4-sp-d16\libgcc.a(_arm_muldivdf3.o)
 .ARM.attributes
                0x00001080       0x24 c:/program files/atollic/truestudio for arm lite 3.1.0/armtools/bin/../lib/gcc/arm-atollic-eabi/4.6.2/thumb/softfp/armv7e-m/fpv4-sp-d16\libgcc.a(_arm_cmpdf2.o)
 .ARM.attributes
                0x000010a4       0x24 c:/program files/atollic/truestudio for arm lite 3.1.0/armtools/bin/../lib/gcc/arm-atollic-eabi/4.6.2/thumb/softfp/armv7e-m/fpv4-sp-d16\libgcc.a(_arm_fixdfsi.o)
 .ARM.attributes
                0x000010c8       0x24 c:/program files/atollic/truestudio for arm lite 3.1.0/armtools/bin/../lib/gcc/arm-atollic-eabi/4.6.2/thumb/softfp/armv7e-m/fpv4-sp-d16\libgcc.a(_aeabi_uldivmod.o)
 .ARM.attributes
                0x000010ec       0x34 c:/program files/atollic/truestudio for arm lite 3.1.0/armtools/bin/../lib/gcc/arm-atollic-eabi/4.6.2/thumb/softfp/armv7e-m/fpv4-sp-d16\libgcc.a(bpabi.o)
 .ARM.attributes
                0x00001120       0x34 c:/program files/atollic/truestudio for arm lite 3.1.0/armtools/bin/../lib/gcc/arm-atollic-eabi/4.6.2/thumb/softfp/armv7e-m/fpv4-sp-d16\libgcc.a(unwind-arm.o)
 .ARM.attributes
                0x00001154       0x24 c:/program files/atollic/truestudio for arm lite 3.1.0/armtools/bin/../lib/gcc/arm-atollic-eabi/4.6.2/thumb/softfp/armv7e-m/fpv4-sp-d16\libgcc.a(libunwind.o)
 .ARM.attributes
                0x00001178       0x34 c:/program files/atollic/truestudio for arm lite 3.1.0/armtools/bin/../lib/gcc/arm-atollic-eabi/4.6.2/thumb/softfp/armv7e-m/fpv4-sp-d16\libgcc.a(pr-support.o)
 .ARM.attributes
                0x000011ac       0x24 c:/program files/atollic/truestudio for arm lite 3.1.0/armtools/bin/../lib/gcc/arm-atollic-eabi/4.6.2/thumb/softfp/armv7e-m/fpv4-sp-d16\libgcc.a(_dvmd_tls.o)
 .ARM.attributes
                0x000011d0       0x34 c:/program files/atollic/truestudio for arm lite 3.1.0/armtools/bin/../lib/gcc/arm-atollic-eabi/4.6.2/thumb/softfp/armv7e-m/fpv4-sp-d16\libgcc.a(_divdi3.o)
 .ARM.attributes
                0x00001204       0x34 c:/program files/atollic/truestudio for arm lite 3.1.0/armtools/bin/../lib/gcc/arm-atollic-eabi/4.6.2/thumb/softfp/armv7e-m/fpv4-sp-d16\libgcc.a(_udivdi3.o)
 .ARM.attributes
                0x00001238       0x34 c:/program files/atollic/truestudio for arm lite 3.1.0/armtools/bin/../lib/gcc/arm-atollic-eabi/4.6.2/../../../../arm-atollic-eabi/lib/thumb/softfp/armv7e-m/fpv4-sp-d16\libc.a(lib_a-abort.o)
 .ARM.attributes
                0x0000126c       0x34 c:/program files/atollic/truestudio for arm lite 3.1.0/armtools/bin/../lib/gcc/arm-atollic-eabi/4.6.2/../../../../arm-atollic-eabi/lib/thumb/softfp/armv7e-m/fpv4-sp-d16\libc.a(lib_a-signal.o)
 .ARM.attributes
                0x000012a0       0x34 c:/program files/atollic/truestudio for arm lite 3.1.0/armtools/bin/../lib/gcc/arm-atollic-eabi/4.6.2/../../../../arm-atollic-eabi/lib/thumb/softfp/armv7e-m/fpv4-sp-d16\libc.a(lib_a-signalr.o)
 .ARM.attributes
                0x000012d4       0x34 c:/program files/atollic/truestudio for arm lite 3.1.0/armtools/bin/../lib/gcc/arm-atollic-eabi/4.6.2/thumb/softfp/armv7e-m/fpv4-sp-d16/crtend.o
 .ARM.attributes
                0x00001308       0x24 c:/program files/atollic/truestudio for arm lite 3.1.0/armtools/bin/../lib/gcc/arm-atollic-eabi/4.6.2/thumb/softfp/armv7e-m/fpv4-sp-d16/crtn.o
OUTPUT(Test1.elf elf32-littlearm)

.debug_info     0x00000000    0x1686f
 .debug_info    0x00000000      0xfa4 src\utils.o
 .debug_info    0x00000fa4      0x621 src\system_stm32f4xx.o
 .debug_info    0x000015c5      0x24f src\stm32f4xx_it.o
 .debug_info    0x00001814      0x844 src\stm32f4_discovery_lis302dl.o
 .debug_info    0x00002058       0x78 src\startup_stm32f4xx.o
 .debug_info    0x000020d0      0x4f0 src\mems.o
 .debug_info    0x000025c0      0x23b src\main.o
 .debug_info    0x000027fb      0x7ec src\eobd.o
 .debug_info    0x00002fe7      0x3fa src\debug.o
 .debug_info    0x000033e1      0x779 src\FreeRTOS\timers.o
 .debug_info    0x00003b5a     0x103a src\FreeRTOS\tasks.o
 .debug_info    0x00004b94      0xa53 src\FreeRTOS\queue.o
 .debug_info    0x000055e7      0x1b6 src\FreeRTOS\portable\MemMang\heap_1.o
 .debug_info    0x0000579d      0x249 src\FreeRTOS\portable\GCC\ARM_CM4F\port.o
 .debug_info    0x000059e6      0x2da src\FreeRTOS\list.o
 .debug_info    0x00005cc0      0x4fb src\FreeRTOS\croutine.o
 .debug_info    0x000061bb      0x25a Libraries\STM32F4xx_StdPeriph_Driver\src\stm32f4xx_wwdg.o
 .debug_info    0x00006415      0xa53 Libraries\STM32F4xx_StdPeriph_Driver\src\stm32f4xx_usart.o
 .debug_info    0x00006e68     0x1e2c Libraries\STM32F4xx_StdPeriph_Driver\src\stm32f4xx_tim.o
 .debug_info    0x00008c94      0x27e Libraries\STM32F4xx_StdPeriph_Driver\src\stm32f4xx_syscfg.o
 .debug_info    0x00008f12      0xbd0 Libraries\STM32F4xx_StdPeriph_Driver\src\stm32f4xx_spi.o
 .debug_info    0x00009ae2      0x8a8 Libraries\STM32F4xx_StdPeriph_Driver\src\stm32f4xx_sdio.o
 .debug_info    0x0000a38a     0x1227 Libraries\STM32F4xx_StdPeriph_Driver\src\stm32f4xx_rtc.o
 .debug_info    0x0000b5b1      0x295 Libraries\STM32F4xx_StdPeriph_Driver\src\stm32f4xx_rng.o
 .debug_info    0x0000b846      0xd28 Libraries\STM32F4xx_StdPeriph_Driver\src\stm32f4xx_rcc.o
 .debug_info    0x0000c56e      0x542 Libraries\STM32F4xx_StdPeriph_Driver\src\stm32f4xx_pwr.o
 .debug_info    0x0000cab0      0x20f Libraries\STM32F4xx_StdPeriph_Driver\src\stm32f4xx_iwdg.o
 .debug_info    0x0000ccbf      0xb95 Libraries\STM32F4xx_StdPeriph_Driver\src\stm32f4xx_i2c.o
 .debug_info    0x0000d854      0x54e Libraries\STM32F4xx_StdPeriph_Driver\src\stm32f4xx_hash_sha1.o
 .debug_info    0x0000dda2      0x4ed Libraries\STM32F4xx_StdPeriph_Driver\src\stm32f4xx_hash_md5.o
 .debug_info    0x0000e28f      0x58a Libraries\STM32F4xx_StdPeriph_Driver\src\stm32f4xx_hash.o
 .debug_info    0x0000e819      0x63d Libraries\STM32F4xx_StdPeriph_Driver\src\stm32f4xx_gpio.o
 .debug_info    0x0000ee56      0x9a9 Libraries\STM32F4xx_StdPeriph_Driver\src\stm32f4xx_fsmc.o
 .debug_info    0x0000f7ff      0x778 Libraries\STM32F4xx_StdPeriph_Driver\src\stm32f4xx_flash.o
 .debug_info    0x0000ff77      0x376 Libraries\STM32F4xx_StdPeriph_Driver\src\stm32f4xx_exti.o
 .debug_info    0x000102ed      0x7a7 Libraries\STM32F4xx_StdPeriph_Driver\src\stm32f4xx_dma.o
 .debug_info    0x00010a94      0x5a1 Libraries\STM32F4xx_StdPeriph_Driver\src\stm32f4xx_dcmi.o
 .debug_info    0x00011035      0x1f3 Libraries\STM32F4xx_StdPeriph_Driver\src\stm32f4xx_dbgmcu.o
 .debug_info    0x00011228      0x687 Libraries\STM32F4xx_StdPeriph_Driver\src\stm32f4xx_dac.o
 .debug_info    0x000118af      0x6e3 Libraries\STM32F4xx_StdPeriph_Driver\src\stm32f4xx_cryp_tdes.o
 .debug_info    0x00011f92      0x564 Libraries\STM32F4xx_StdPeriph_Driver\src\stm32f4xx_cryp_des.o
 .debug_info    0x000124f6     0x1168 Libraries\STM32F4xx_StdPeriph_Driver\src\stm32f4xx_cryp_aes.o
 .debug_info    0x0001365e      0x7a2 Libraries\STM32F4xx_StdPeriph_Driver\src\stm32f4xx_cryp.o
 .debug_info    0x00013e00      0x20f Libraries\STM32F4xx_StdPeriph_Driver\src\stm32f4xx_crc.o
 .debug_info    0x0001400f      0xc66 Libraries\STM32F4xx_StdPeriph_Driver\src\stm32f4xx_can.o
 .debug_info    0x00014c75      0xcf9 Libraries\STM32F4xx_StdPeriph_Driver\src\stm32f4xx_adc.o
 .debug_info    0x0001596e      0x969 Libraries\STM32F4xx_StdPeriph_Driver\src\stm32f4_discovery.o
 .debug_info    0x000162d7      0x598 Libraries\STM32F4xx_StdPeriph_Driver\src\misc.o

.debug_abbrev   0x00000000     0x4099
 .debug_abbrev  0x00000000      0x1ed src\utils.o
 .debug_abbrev  0x000001ed      0x142 src\system_stm32f4xx.o
 .debug_abbrev  0x0000032f       0xc0 src\stm32f4xx_it.o
 .debug_abbrev  0x000003ef      0x1c2 src\stm32f4_discovery_lis302dl.o
 .debug_abbrev  0x000005b1       0x12 src\startup_stm32f4xx.o
 .debug_abbrev  0x000005c3      0x16b src\mems.o
 .debug_abbrev  0x0000072e       0xea src\main.o
 .debug_abbrev  0x00000818      0x158 src\eobd.o
 .debug_abbrev  0x00000970      0x16c src\debug.o
 .debug_abbrev  0x00000adc      0x143 src\FreeRTOS\timers.o
 .debug_abbrev  0x00000c1f      0x1a4 src\FreeRTOS\tasks.o
 .debug_abbrev  0x00000dc3      0x148 src\FreeRTOS\queue.o
 .debug_abbrev  0x00000f0b      0x129 src\FreeRTOS\portable\MemMang\heap_1.o
 .debug_abbrev  0x00001034      0x14b src\FreeRTOS\portable\GCC\ARM_CM4F\port.o
 .debug_abbrev  0x0000117f       0xb4 src\FreeRTOS\list.o
 .debug_abbrev  0x00001233      0x199 src\FreeRTOS\croutine.o
 .debug_abbrev  0x000013cc      0x120 Libraries\STM32F4xx_StdPeriph_Driver\src\stm32f4xx_wwdg.o
 .debug_abbrev  0x000014ec      0x150 Libraries\STM32F4xx_StdPeriph_Driver\src\stm32f4xx_usart.o
 .debug_abbrev  0x0000163c      0x165 Libraries\STM32F4xx_StdPeriph_Driver\src\stm32f4xx_tim.o
 .debug_abbrev  0x000017a1      0x12c Libraries\STM32F4xx_StdPeriph_Driver\src\stm32f4xx_syscfg.o
 .debug_abbrev  0x000018cd      0x162 Libraries\STM32F4xx_StdPeriph_Driver\src\stm32f4xx_spi.o
 .debug_abbrev  0x00001a2f      0x16f Libraries\STM32F4xx_StdPeriph_Driver\src\stm32f4xx_sdio.o
 .debug_abbrev  0x00001b9e      0x16d Libraries\STM32F4xx_StdPeriph_Driver\src\stm32f4xx_rtc.o
 .debug_abbrev  0x00001d0b      0x139 Libraries\STM32F4xx_StdPeriph_Driver\src\stm32f4xx_rng.o
 .debug_abbrev  0x00001e44      0x1b9 Libraries\STM32F4xx_StdPeriph_Driver\src\stm32f4xx_rcc.o
 .debug_abbrev  0x00001ffd      0x177 Libraries\STM32F4xx_StdPeriph_Driver\src\stm32f4xx_pwr.o
 .debug_abbrev  0x00002174       0xfc Libraries\STM32F4xx_StdPeriph_Driver\src\stm32f4xx_iwdg.o
 .debug_abbrev  0x00002270      0x15f Libraries\STM32F4xx_StdPeriph_Driver\src\stm32f4xx_i2c.o
 .debug_abbrev  0x000023cf      0x191 Libraries\STM32F4xx_StdPeriph_Driver\src\stm32f4xx_hash_sha1.o
 .debug_abbrev  0x00002560      0x191 Libraries\STM32F4xx_StdPeriph_Driver\src\stm32f4xx_hash_md5.o
 .debug_abbrev  0x000026f1      0x1a3 Libraries\STM32F4xx_StdPeriph_Driver\src\stm32f4xx_hash.o
 .debug_abbrev  0x00002894      0x184 Libraries\STM32F4xx_StdPeriph_Driver\src\stm32f4xx_gpio.o
 .debug_abbrev  0x00002a18      0x168 Libraries\STM32F4xx_StdPeriph_Driver\src\stm32f4xx_fsmc.o
 .debug_abbrev  0x00002b80      0x16a Libraries\STM32F4xx_StdPeriph_Driver\src\stm32f4xx_flash.o
 .debug_abbrev  0x00002cea      0x19a Libraries\STM32F4xx_StdPeriph_Driver\src\stm32f4xx_exti.o
 .debug_abbrev  0x00002e84      0x150 Libraries\STM32F4xx_StdPeriph_Driver\src\stm32f4xx_dma.o
 .debug_abbrev  0x00002fd4      0x17c Libraries\STM32F4xx_StdPeriph_Driver\src\stm32f4xx_dcmi.o
 .debug_abbrev  0x00003150       0xdc Libraries\STM32F4xx_StdPeriph_Driver\src\stm32f4xx_dbgmcu.o
 .debug_abbrev  0x0000322c      0x174 Libraries\STM32F4xx_StdPeriph_Driver\src\stm32f4xx_dac.o
 .debug_abbrev  0x000033a0      0x15f Libraries\STM32F4xx_StdPeriph_Driver\src\stm32f4xx_cryp_tdes.o
 .debug_abbrev  0x000034ff      0x15f Libraries\STM32F4xx_StdPeriph_Driver\src\stm32f4xx_cryp_des.o
 .debug_abbrev  0x0000365e      0x1d4 Libraries\STM32F4xx_StdPeriph_Driver\src\stm32f4xx_cryp_aes.o
 .debug_abbrev  0x00003832      0x182 Libraries\STM32F4xx_StdPeriph_Driver\src\stm32f4xx_cryp.o
 .debug_abbrev  0x000039b4      0x10c Libraries\STM32F4xx_StdPeriph_Driver\src\stm32f4xx_crc.o
 .debug_abbrev  0x00003ac0      0x1ae Libraries\STM32F4xx_StdPeriph_Driver\src\stm32f4xx_can.o
 .debug_abbrev  0x00003c6e      0x18b Libraries\STM32F4xx_StdPeriph_Driver\src\stm32f4xx_adc.o
 .debug_abbrev  0x00003df9      0x178 Libraries\STM32F4xx_StdPeriph_Driver\src\stm32f4_discovery.o
 .debug_abbrev  0x00003f71      0x128 Libraries\STM32F4xx_StdPeriph_Driver\src\misc.o

.debug_loc      0x00000000     0xa1bb
 .debug_loc     0x00000000      0x1b4 src\utils.o
 .debug_loc     0x000001b4       0x9c src\system_stm32f4xx.o
 .debug_loc     0x00000250      0x134 src\stm32f4xx_it.o
 .debug_loc     0x00000384      0x2a0 src\stm32f4_discovery_lis302dl.o
 .debug_loc     0x00000624       0x9c src\mems.o
 .debug_loc     0x000006c0       0xf4 src\main.o
 .debug_loc     0x000007b4      0x138 src\eobd.o
 .debug_loc     0x000008ec      0x148 src\debug.o
 .debug_loc     0x00000a34      0x304 src\FreeRTOS\timers.o
 .debug_loc     0x00000d38      0x8c9 src\FreeRTOS\tasks.o
 .debug_loc     0x00001601      0x578 src\FreeRTOS\queue.o
 .debug_loc     0x00001b79       0xc8 src\FreeRTOS\portable\MemMang\heap_1.o
 .debug_loc     0x00001c41      0x178 src\FreeRTOS\portable\GCC\ARM_CM4F\port.o
 .debug_loc     0x00001db9      0x118 src\FreeRTOS\list.o
 .debug_loc     0x00001ed1      0x188 src\FreeRTOS\croutine.o
 .debug_loc     0x00002059      0x19c Libraries\STM32F4xx_StdPeriph_Driver\src\stm32f4xx_wwdg.o
 .debug_loc     0x000021f5      0x658 Libraries\STM32F4xx_StdPeriph_Driver\src\stm32f4xx_usart.o
 .debug_loc     0x0000284d     0x1420 Libraries\STM32F4xx_StdPeriph_Driver\src\stm32f4xx_tim.o
 .debug_loc     0x00003c6d      0x144 Libraries\STM32F4xx_StdPeriph_Driver\src\stm32f4xx_syscfg.o
 .debug_loc     0x00003db1      0x578 Libraries\STM32F4xx_StdPeriph_Driver\src\stm32f4xx_spi.o
 .debug_loc     0x00004329      0x648 Libraries\STM32F4xx_StdPeriph_Driver\src\stm32f4xx_sdio.o
 .debug_loc     0x00004971      0xc48 Libraries\STM32F4xx_StdPeriph_Driver\src\stm32f4xx_rtc.o
 .debug_loc     0x000055b9      0x1a8 Libraries\STM32F4xx_StdPeriph_Driver\src\stm32f4xx_rng.o
 .debug_loc     0x00005761      0x97c Libraries\STM32F4xx_StdPeriph_Driver\src\stm32f4xx_rcc.o
 .debug_loc     0x000060dd      0x288 Libraries\STM32F4xx_StdPeriph_Driver\src\stm32f4xx_pwr.o
 .debug_loc     0x00006365      0x138 Libraries\STM32F4xx_StdPeriph_Driver\src\stm32f4xx_iwdg.o
 .debug_loc     0x0000649d      0x738 Libraries\STM32F4xx_StdPeriph_Driver\src\stm32f4xx_i2c.o
 .debug_loc     0x00006bd5       0x74 Libraries\STM32F4xx_StdPeriph_Driver\src\stm32f4xx_hash_sha1.o
 .debug_loc     0x00006c49       0x74 Libraries\STM32F4xx_StdPeriph_Driver\src\stm32f4xx_hash_md5.o
 .debug_loc     0x00006cbd      0x388 Libraries\STM32F4xx_StdPeriph_Driver\src\stm32f4xx_hash.o
 .debug_loc     0x00007045      0x310 Libraries\STM32F4xx_StdPeriph_Driver\src\stm32f4xx_gpio.o
 .debug_loc     0x00007355      0x41c Libraries\STM32F4xx_StdPeriph_Driver\src\stm32f4xx_fsmc.o
 .debug_loc     0x00007771      0x624 Libraries\STM32F4xx_StdPeriph_Driver\src\stm32f4xx_flash.o
 .debug_loc     0x00007d95      0x1b4 Libraries\STM32F4xx_StdPeriph_Driver\src\stm32f4xx_exti.o
 .debug_loc     0x00007f49      0x428 Libraries\STM32F4xx_StdPeriph_Driver\src\stm32f4xx_dma.o
 .debug_loc     0x00008371      0x330 Libraries\STM32F4xx_StdPeriph_Driver\src\stm32f4xx_dcmi.o
 .debug_loc     0x000086a1      0x100 Libraries\STM32F4xx_StdPeriph_Driver\src\stm32f4xx_dbgmcu.o
 .debug_loc     0x000087a1      0x3ac Libraries\STM32F4xx_StdPeriph_Driver\src\stm32f4xx_dac.o
 .debug_loc     0x00008b4d       0x74 Libraries\STM32F4xx_StdPeriph_Driver\src\stm32f4xx_cryp_tdes.o
 .debug_loc     0x00008bc1       0x74 Libraries\STM32F4xx_StdPeriph_Driver\src\stm32f4xx_cryp_des.o
 .debug_loc     0x00008c35       0xae Libraries\STM32F4xx_StdPeriph_Driver\src\stm32f4xx_cryp_aes.o
 .debug_loc     0x00008ce3      0x394 Libraries\STM32F4xx_StdPeriph_Driver\src\stm32f4xx_cryp.o
 .debug_loc     0x00009077      0x12c Libraries\STM32F4xx_StdPeriph_Driver\src\stm32f4xx_crc.o
 .debug_loc     0x000091a3      0x578 Libraries\STM32F4xx_StdPeriph_Driver\src\stm32f4xx_can.o
 .debug_loc     0x0000971b      0x838 Libraries\STM32F4xx_StdPeriph_Driver\src\stm32f4xx_adc.o
 .debug_loc     0x00009f53      0x150 Libraries\STM32F4xx_StdPeriph_Driver\src\stm32f4_discovery.o
 .debug_loc     0x0000a0a3      0x118 Libraries\STM32F4xx_StdPeriph_Driver\src\misc.o

.debug_aranges  0x00000000     0x1c48
 .debug_aranges
                0x00000000       0x58 src\utils.o
 .debug_aranges
                0x00000058       0x30 src\system_stm32f4xx.o
 .debug_aranges
                0x00000088       0x50 src\stm32f4xx_it.o
 .debug_aranges
                0x000000d8       0x78 src\stm32f4_discovery_lis302dl.o
 .debug_aranges
                0x00000150       0x28 src\startup_stm32f4xx.o
 .debug_aranges
                0x00000178       0x30 src\mems.o
 .debug_aranges
                0x000001a8       0x40 src\main.o
 .debug_aranges
                0x000001e8       0x48 src\eobd.o
 .debug_aranges
                0x00000230       0x48 src\debug.o
 .debug_aranges
                0x00000278       0x88 src\FreeRTOS\timers.o
 .debug_aranges
                0x00000300      0x160 src\FreeRTOS\tasks.o
 .debug_aranges
                0x00000460       0xe0 src\FreeRTOS\queue.o
 .debug_aranges
                0x00000540       0x38 src\FreeRTOS\portable\MemMang\heap_1.o
 .debug_aranges
                0x00000578       0x70 src\FreeRTOS\portable\GCC\ARM_CM4F\port.o
 .debug_aranges
                0x000005e8       0x40 src\FreeRTOS\list.o
 .debug_aranges
                0x00000628       0x50 src\FreeRTOS\croutine.o
 .debug_aranges
                0x00000678       0x58 Libraries\STM32F4xx_StdPeriph_Driver\src\stm32f4xx_wwdg.o
 .debug_aranges
                0x000006d0      0x100 Libraries\STM32F4xx_StdPeriph_Driver\src\stm32f4xx_usart.o
 .debug_aranges
                0x000007d0      0x2f8 Libraries\STM32F4xx_StdPeriph_Driver\src\stm32f4xx_tim.o
 .debug_aranges
                0x00000ac8       0x48 Libraries\STM32F4xx_StdPeriph_Driver\src\stm32f4xx_syscfg.o
 .debug_aranges
                0x00000b10       0xe0 Libraries\STM32F4xx_StdPeriph_Driver\src\stm32f4xx_spi.o
 .debug_aranges
                0x00000bf0      0x108 Libraries\STM32F4xx_StdPeriph_Driver\src\stm32f4xx_sdio.o
 .debug_aranges
                0x00000cf8      0x1e0 Libraries\STM32F4xx_StdPeriph_Driver\src\stm32f4xx_rtc.o
 .debug_aranges
                0x00000ed8       0x58 Libraries\STM32F4xx_StdPeriph_Driver\src\stm32f4xx_rng.o
 .debug_aranges
                0x00000f30      0x178 Libraries\STM32F4xx_StdPeriph_Driver\src\stm32f4xx_rcc.o
 .debug_aranges
                0x000010a8       0x78 Libraries\STM32F4xx_StdPeriph_Driver\src\stm32f4xx_pwr.o
 .debug_aranges
                0x00001120       0x48 Libraries\STM32F4xx_StdPeriph_Driver\src\stm32f4xx_iwdg.o
 .debug_aranges
                0x00001168      0x120 Libraries\STM32F4xx_StdPeriph_Driver\src\stm32f4xx_i2c.o
 .debug_aranges
                0x00001288       0x28 Libraries\STM32F4xx_StdPeriph_Driver\src\stm32f4xx_hash_sha1.o
 .debug_aranges
                0x000012b0       0x28 Libraries\STM32F4xx_StdPeriph_Driver\src\stm32f4xx_hash_md5.o
 .debug_aranges
                0x000012d8       0xa0 Libraries\STM32F4xx_StdPeriph_Driver\src\stm32f4xx_hash.o
 .debug_aranges
                0x00001378       0x88 Libraries\STM32F4xx_StdPeriph_Driver\src\stm32f4xx_gpio.o
 .debug_aranges
                0x00001400       0xb0 Libraries\STM32F4xx_StdPeriph_Driver\src\stm32f4xx_fsmc.o
 .debug_aranges
                0x000014b0      0x108 Libraries\STM32F4xx_StdPeriph_Driver\src\stm32f4xx_flash.o
 .debug_aranges
                0x000015b8       0x58 Libraries\STM32F4xx_StdPeriph_Driver\src\stm32f4xx_exti.o
 .debug_aranges
                0x00001610       0xb0 Libraries\STM32F4xx_StdPeriph_Driver\src\stm32f4xx_dma.o
 .debug_aranges
                0x000016c0       0x90 Libraries\STM32F4xx_StdPeriph_Driver\src\stm32f4xx_dcmi.o
 .debug_aranges
                0x00001750       0x40 Libraries\STM32F4xx_StdPeriph_Driver\src\stm32f4xx_dbgmcu.o
 .debug_aranges
                0x00001790       0xa0 Libraries\STM32F4xx_StdPeriph_Driver\src\stm32f4xx_dac.o
 .debug_aranges
                0x00001830       0x28 Libraries\STM32F4xx_StdPeriph_Driver\src\stm32f4xx_cryp_tdes.o
 .debug_aranges
                0x00001858       0x28 Libraries\STM32F4xx_StdPeriph_Driver\src\stm32f4xx_cryp_des.o
 .debug_aranges
                0x00001880       0x30 Libraries\STM32F4xx_StdPeriph_Driver\src\stm32f4xx_cryp_aes.o
 .debug_aranges
                0x000018b0       0xa0 Libraries\STM32F4xx_StdPeriph_Driver\src\stm32f4xx_cryp.o
 .debug_aranges
                0x00001950       0x48 Libraries\STM32F4xx_StdPeriph_Driver\src\stm32f4xx_crc.o
 .debug_aranges
                0x00001998       0xe0 Libraries\STM32F4xx_StdPeriph_Driver\src\stm32f4xx_can.o
 .debug_aranges
                0x00001a78      0x148 Libraries\STM32F4xx_StdPeriph_Driver\src\stm32f4xx_adc.o
 .debug_aranges
                0x00001bc0       0x48 Libraries\STM32F4xx_StdPeriph_Driver\src\stm32f4_discovery.o
 .debug_aranges
                0x00001c08       0x40 Libraries\STM32F4xx_StdPeriph_Driver\src\misc.o

.debug_ranges   0x00000000     0x1950
 .debug_ranges  0x00000000       0x48 src\utils.o
 .debug_ranges  0x00000048       0x20 src\system_stm32f4xx.o
 .debug_ranges  0x00000068       0x40 src\stm32f4xx_it.o
 .debug_ranges  0x000000a8       0x68 src\stm32f4_discovery_lis302dl.o
 .debug_ranges  0x00000110       0x20 src\startup_stm32f4xx.o
 .debug_ranges  0x00000130       0x20 src\mems.o
 .debug_ranges  0x00000150       0x30 src\main.o
 .debug_ranges  0x00000180       0x38 src\eobd.o
 .debug_ranges  0x000001b8       0x38 src\debug.o
 .debug_ranges  0x000001f0       0x78 src\FreeRTOS\timers.o
 .debug_ranges  0x00000268      0x150 src\FreeRTOS\tasks.o
 .debug_ranges  0x000003b8       0xd0 src\FreeRTOS\queue.o
 .debug_ranges  0x00000488       0x28 src\FreeRTOS\portable\MemMang\heap_1.o
 .debug_ranges  0x000004b0       0x60 src\FreeRTOS\portable\GCC\ARM_CM4F\port.o
 .debug_ranges  0x00000510       0x30 src\FreeRTOS\list.o
 .debug_ranges  0x00000540       0x40 src\FreeRTOS\croutine.o
 .debug_ranges  0x00000580       0x48 Libraries\STM32F4xx_StdPeriph_Driver\src\stm32f4xx_wwdg.o
 .debug_ranges  0x000005c8       0xf0 Libraries\STM32F4xx_StdPeriph_Driver\src\stm32f4xx_usart.o
 .debug_ranges  0x000006b8      0x2e8 Libraries\STM32F4xx_StdPeriph_Driver\src\stm32f4xx_tim.o
 .debug_ranges  0x000009a0       0x38 Libraries\STM32F4xx_StdPeriph_Driver\src\stm32f4xx_syscfg.o
 .debug_ranges  0x000009d8       0xd0 Libraries\STM32F4xx_StdPeriph_Driver\src\stm32f4xx_spi.o
 .debug_ranges  0x00000aa8       0xf8 Libraries\STM32F4xx_StdPeriph_Driver\src\stm32f4xx_sdio.o
 .debug_ranges  0x00000ba0      0x1d0 Libraries\STM32F4xx_StdPeriph_Driver\src\stm32f4xx_rtc.o
 .debug_ranges  0x00000d70       0x48 Libraries\STM32F4xx_StdPeriph_Driver\src\stm32f4xx_rng.o
 .debug_ranges  0x00000db8      0x168 Libraries\STM32F4xx_StdPeriph_Driver\src\stm32f4xx_rcc.o
 .debug_ranges  0x00000f20       0x68 Libraries\STM32F4xx_StdPeriph_Driver\src\stm32f4xx_pwr.o
 .debug_ranges  0x00000f88       0x38 Libraries\STM32F4xx_StdPeriph_Driver\src\stm32f4xx_iwdg.o
 .debug_ranges  0x00000fc0      0x110 Libraries\STM32F4xx_StdPeriph_Driver\src\stm32f4xx_i2c.o
 .debug_ranges  0x000010d0       0x18 Libraries\STM32F4xx_StdPeriph_Driver\src\stm32f4xx_hash_sha1.o
 .debug_ranges  0x000010e8       0x18 Libraries\STM32F4xx_StdPeriph_Driver\src\stm32f4xx_hash_md5.o
 .debug_ranges  0x00001100       0x90 Libraries\STM32F4xx_StdPeriph_Driver\src\stm32f4xx_hash.o
 .debug_ranges  0x00001190       0x78 Libraries\STM32F4xx_StdPeriph_Driver\src\stm32f4xx_gpio.o
 .debug_ranges  0x00001208       0xa0 Libraries\STM32F4xx_StdPeriph_Driver\src\stm32f4xx_fsmc.o
 .debug_ranges  0x000012a8       0xf8 Libraries\STM32F4xx_StdPeriph_Driver\src\stm32f4xx_flash.o
 .debug_ranges  0x000013a0       0x48 Libraries\STM32F4xx_StdPeriph_Driver\src\stm32f4xx_exti.o
 .debug_ranges  0x000013e8       0xa0 Libraries\STM32F4xx_StdPeriph_Driver\src\stm32f4xx_dma.o
 .debug_ranges  0x00001488       0x80 Libraries\STM32F4xx_StdPeriph_Driver\src\stm32f4xx_dcmi.o
 .debug_ranges  0x00001508       0x30 Libraries\STM32F4xx_StdPeriph_Driver\src\stm32f4xx_dbgmcu.o
 .debug_ranges  0x00001538       0x90 Libraries\STM32F4xx_StdPeriph_Driver\src\stm32f4xx_dac.o
 .debug_ranges  0x000015c8       0x18 Libraries\STM32F4xx_StdPeriph_Driver\src\stm32f4xx_cryp_tdes.o
 .debug_ranges  0x000015e0       0x18 Libraries\STM32F4xx_StdPeriph_Driver\src\stm32f4xx_cryp_des.o
 .debug_ranges  0x000015f8       0x20 Libraries\STM32F4xx_StdPeriph_Driver\src\stm32f4xx_cryp_aes.o
 .debug_ranges  0x00001618       0x90 Libraries\STM32F4xx_StdPeriph_Driver\src\stm32f4xx_cryp.o
 .debug_ranges  0x000016a8       0x38 Libraries\STM32F4xx_StdPeriph_Driver\src\stm32f4xx_crc.o
 .debug_ranges  0x000016e0       0xd0 Libraries\STM32F4xx_StdPeriph_Driver\src\stm32f4xx_can.o
 .debug_ranges  0x000017b0      0x138 Libraries\STM32F4xx_StdPeriph_Driver\src\stm32f4xx_adc.o
 .debug_ranges  0x000018e8       0x38 Libraries\STM32F4xx_StdPeriph_Driver\src\stm32f4_discovery.o
 .debug_ranges  0x00001920       0x30 Libraries\STM32F4xx_StdPeriph_Driver\src\misc.o

.debug_line     0x00000000     0xa1e1
 .debug_line    0x00000000      0x301 src\utils.o
 .debug_line    0x00000301      0x1c6 src\system_stm32f4xx.o
 .debug_line    0x000004c7      0x1b2 src\stm32f4xx_it.o
 .debug_line    0x00000679      0x365 src\stm32f4_discovery_lis302dl.o
 .debug_line    0x000009de       0x74 src\startup_stm32f4xx.o
 .debug_line    0x00000a52      0x22a src\mems.o
 .debug_line    0x00000c7c      0x1d0 src\main.o
 .debug_line    0x00000e4c      0x1f9 src\eobd.o
 .debug_line    0x00001045      0x313 src\debug.o
 .debug_line    0x00001358      0x37a src\FreeRTOS\timers.o
 .debug_line    0x000016d2      0x8ed src\FreeRTOS\tasks.o
 .debug_line    0x00001fbf      0x668 src\FreeRTOS\queue.o
 .debug_line    0x00002627      0x1df src\FreeRTOS\portable\MemMang\heap_1.o
 .debug_line    0x00002806      0x297 src\FreeRTOS\portable\GCC\ARM_CM4F\port.o
 .debug_line    0x00002a9d      0x1e8 src\FreeRTOS\list.o
 .debug_line    0x00002c85      0x2b7 src\FreeRTOS\croutine.o
 .debug_line    0x00002f3c      0x1ed Libraries\STM32F4xx_StdPeriph_Driver\src\stm32f4xx_wwdg.o
 .debug_line    0x00003129      0x449 Libraries\STM32F4xx_StdPeriph_Driver\src\stm32f4xx_usart.o
 .debug_line    0x00003572      0xa1e Libraries\STM32F4xx_StdPeriph_Driver\src\stm32f4xx_tim.o
 .debug_line    0x00003f90      0x1cb Libraries\STM32F4xx_StdPeriph_Driver\src\stm32f4xx_syscfg.o
 .debug_line    0x0000415b      0x3f9 Libraries\STM32F4xx_StdPeriph_Driver\src\stm32f4xx_spi.o
 .debug_line    0x00004554      0x3e9 Libraries\STM32F4xx_StdPeriph_Driver\src\stm32f4xx_sdio.o
 .debug_line    0x0000493d      0x7b8 Libraries\STM32F4xx_StdPeriph_Driver\src\stm32f4xx_rtc.o
 .debug_line    0x000050f5      0x1ee Libraries\STM32F4xx_StdPeriph_Driver\src\stm32f4xx_rng.o
 .debug_line    0x000052e3      0x541 Libraries\STM32F4xx_StdPeriph_Driver\src\stm32f4xx_rcc.o
 .debug_line    0x00005824      0x266 Libraries\STM32F4xx_StdPeriph_Driver\src\stm32f4xx_pwr.o
 .debug_line    0x00005a8a      0x1c2 Libraries\STM32F4xx_StdPeriph_Driver\src\stm32f4xx_iwdg.o
 .debug_line    0x00005c4c      0x481 Libraries\STM32F4xx_StdPeriph_Driver\src\stm32f4xx_i2c.o
 .debug_line    0x000060cd      0x326 Libraries\STM32F4xx_StdPeriph_Driver\src\stm32f4xx_hash_sha1.o
 .debug_line    0x000063f3      0x30b Libraries\STM32F4xx_StdPeriph_Driver\src\stm32f4xx_hash_md5.o
 .debug_line    0x000066fe      0x315 Libraries\STM32F4xx_StdPeriph_Driver\src\stm32f4xx_hash.o
 .debug_line    0x00006a13      0x2e4 Libraries\STM32F4xx_StdPeriph_Driver\src\stm32f4xx_gpio.o
 .debug_line    0x00006cf7      0x3fe Libraries\STM32F4xx_StdPeriph_Driver\src\stm32f4xx_fsmc.o
 .debug_line    0x000070f5      0x431 Libraries\STM32F4xx_StdPeriph_Driver\src\stm32f4xx_flash.o
 .debug_line    0x00007526      0x24a Libraries\STM32F4xx_StdPeriph_Driver\src\stm32f4xx_exti.o
 .debug_line    0x00007770      0x381 Libraries\STM32F4xx_StdPeriph_Driver\src\stm32f4xx_dma.o
 .debug_line    0x00007af1      0x2e4 Libraries\STM32F4xx_StdPeriph_Driver\src\stm32f4xx_dcmi.o
 .debug_line    0x00007dd5      0x1b2 Libraries\STM32F4xx_StdPeriph_Driver\src\stm32f4xx_dbgmcu.o
 .debug_line    0x00007f87      0x307 Libraries\STM32F4xx_StdPeriph_Driver\src\stm32f4xx_dac.o
 .debug_line    0x0000828e      0x31a Libraries\STM32F4xx_StdPeriph_Driver\src\stm32f4xx_cryp_tdes.o
 .debug_line    0x000085a8      0x2a1 Libraries\STM32F4xx_StdPeriph_Driver\src\stm32f4xx_cryp_des.o
 .debug_line    0x00008849      0x65b Libraries\STM32F4xx_StdPeriph_Driver\src\stm32f4xx_cryp_aes.o
 .debug_line    0x00008ea4      0x339 Libraries\STM32F4xx_StdPeriph_Driver\src\stm32f4xx_cryp.o
 .debug_line    0x000091dd      0x1cf Libraries\STM32F4xx_StdPeriph_Driver\src\stm32f4xx_crc.o
 .debug_line    0x000093ac      0x503 Libraries\STM32F4xx_StdPeriph_Driver\src\stm32f4xx_can.o
 .debug_line    0x000098af      0x4f9 Libraries\STM32F4xx_StdPeriph_Driver\src\stm32f4xx_adc.o
 .debug_line    0x00009da8      0x24f Libraries\STM32F4xx_StdPeriph_Driver\src\stm32f4_discovery.o
 .debug_line    0x00009ff7      0x1ea Libraries\STM32F4xx_StdPeriph_Driver\src\misc.o

.debug_str      0x00000000     0x8412
 .debug_str     0x00000000      0xc20 src\utils.o
                                0xc79 (size before relaxing)
 .debug_str     0x00000c20      0x154 src\system_stm32f4xx.o
                                0x351 (size before relaxing)
 .debug_str     0x00000d74       0x97 src\stm32f4xx_it.o
                                0x21d (size before relaxing)
 .debug_str     0x00000e0b      0x3ad src\stm32f4_discovery_lis302dl.o
                                0x6f8 (size before relaxing)
 .debug_str     0x000011b8       0xab src\mems.o
                                0x381 (size before relaxing)
 .debug_str     0x00001263       0xd4 src\main.o
                                0x21a (size before relaxing)
 .debug_str     0x00001337      0x2c3 src\eobd.o
                                0x5f2 (size before relaxing)
 .debug_str     0x000015fa       0xbf src\debug.o
                                0x274 (size before relaxing)
 .debug_str     0x000016b9      0x3ec src\FreeRTOS\timers.o
                                0x572 (size before relaxing)
 .debug_str     0x00001aa5      0x7e5 src\FreeRTOS\tasks.o
                                0x9f3 (size before relaxing)
 .debug_str     0x0000228a      0x3fa src\FreeRTOS\queue.o
                                0x674 (size before relaxing)
 .debug_str     0x00002684       0xb5 src\FreeRTOS\portable\MemMang\heap_1.o
                                0x1f9 (size before relaxing)
 .debug_str     0x00002739      0x128 src\FreeRTOS\portable\GCC\ARM_CM4F\port.o
                                0x28f (size before relaxing)
 .debug_str     0x00002861       0xa3 src\FreeRTOS\list.o
                                0x268 (size before relaxing)
 .debug_str     0x00002904      0x24f src\FreeRTOS\croutine.o
                                0x474 (size before relaxing)
 .debug_str     0x00002b53       0xd7 Libraries\STM32F4xx_StdPeriph_Driver\src\stm32f4xx_wwdg.o
                                0x248 (size before relaxing)
 .debug_str     0x00002c2a      0x3a2 Libraries\STM32F4xx_StdPeriph_Driver\src\stm32f4xx_usart.o
                                0x655 (size before relaxing)
 .debug_str     0x00002fcc      0x9ec Libraries\STM32F4xx_StdPeriph_Driver\src\stm32f4xx_tim.o
                                0xd96 (size before relaxing)
 .debug_str     0x000039b8      0x156 Libraries\STM32F4xx_StdPeriph_Driver\src\stm32f4xx_syscfg.o
                                0x2c5 (size before relaxing)
 .debug_str     0x00003b0e      0x2f0 Libraries\STM32F4xx_StdPeriph_Driver\src\stm32f4xx_spi.o
                                0x650 (size before relaxing)
 .debug_str     0x00003dfe      0x479 Libraries\STM32F4xx_StdPeriph_Driver\src\stm32f4xx_sdio.o
                                0x611 (size before relaxing)
 .debug_str     0x00004277      0x971 Libraries\STM32F4xx_StdPeriph_Driver\src\stm32f4xx_rtc.o
                                0xb19 (size before relaxing)
 .debug_str     0x00004be8       0xd2 Libraries\STM32F4xx_StdPeriph_Driver\src\stm32f4xx_rng.o
                                0x24a (size before relaxing)
 .debug_str     0x00004cba      0x4f0 Libraries\STM32F4xx_StdPeriph_Driver\src\stm32f4xx_rcc.o
                                0x816 (size before relaxing)
 .debug_str     0x000051aa      0x157 Libraries\STM32F4xx_StdPeriph_Driver\src\stm32f4xx_pwr.o
                                0x340 (size before relaxing)
 .debug_str     0x00005301       0xdb Libraries\STM32F4xx_StdPeriph_Driver\src\stm32f4xx_iwdg.o
                                0x232 (size before relaxing)
 .debug_str     0x000053dc      0x3bc Libraries\STM32F4xx_StdPeriph_Driver\src\stm32f4xx_i2c.o
                                0x62b (size before relaxing)
 .debug_str     0x00005798      0x140 Libraries\STM32F4xx_StdPeriph_Driver\src\stm32f4xx_hash_sha1.o
                                0x2bd (size before relaxing)
 .debug_str     0x000058d8       0x7c Libraries\STM32F4xx_StdPeriph_Driver\src\stm32f4xx_hash_md5.o
                                0x2b8 (size before relaxing)
 .debug_str     0x00005954      0x202 Libraries\STM32F4xx_StdPeriph_Driver\src\stm32f4xx_hash.o
                                0x3f8 (size before relaxing)
 .debug_str     0x00005b56      0x190 Libraries\STM32F4xx_StdPeriph_Driver\src\stm32f4xx_gpio.o
                                0x469 (size before relaxing)
 .debug_str     0x00005ce6      0x5c5 Libraries\STM32F4xx_StdPeriph_Driver\src\stm32f4xx_fsmc.o
                                0x75a (size before relaxing)
 .debug_str     0x000062ab      0x397 Libraries\STM32F4xx_StdPeriph_Driver\src\stm32f4xx_flash.o
                                0x54d (size before relaxing)
 .debug_str     0x00006642      0x1c0 Libraries\STM32F4xx_StdPeriph_Driver\src\stm32f4xx_exti.o
                                0x334 (size before relaxing)
 .debug_str     0x00006802      0x37d Libraries\STM32F4xx_StdPeriph_Driver\src\stm32f4xx_dma.o
                                0x512 (size before relaxing)
 .debug_str     0x00006b7f      0x308 Libraries\STM32F4xx_StdPeriph_Driver\src\stm32f4xx_dcmi.o
                                0x49f (size before relaxing)
 .debug_str     0x00006e87       0xcf Libraries\STM32F4xx_StdPeriph_Driver\src\stm32f4xx_dbgmcu.o
                                0x21b (size before relaxing)
 .debug_str     0x00006f56      0x281 Libraries\STM32F4xx_StdPeriph_Driver\src\stm32f4xx_dac.o
                                0x419 (size before relaxing)
 .debug_str     0x000071d7      0x1de Libraries\STM32F4xx_StdPeriph_Driver\src\stm32f4xx_cryp_tdes.o
                                0x39e (size before relaxing)
 .debug_str     0x000073b5       0x5b Libraries\STM32F4xx_StdPeriph_Driver\src\stm32f4xx_cryp_des.o
                                0x398 (size before relaxing)
 .debug_str     0x00007410       0xba Libraries\STM32F4xx_StdPeriph_Driver\src\stm32f4xx_cryp_aes.o
                                0x3ad (size before relaxing)
 .debug_str     0x000074ca      0x272 Libraries\STM32F4xx_StdPeriph_Driver\src\stm32f4xx_cryp.o
                                0x583 (size before relaxing)
 .debug_str     0x0000773c       0xbb Libraries\STM32F4xx_StdPeriph_Driver\src\stm32f4xx_crc.o
                                0x211 (size before relaxing)
 .debug_str     0x000077f7      0x2f3 Libraries\STM32F4xx_StdPeriph_Driver\src\stm32f4xx_can.o
                                0x704 (size before relaxing)
 .debug_str     0x00007aea      0x609 Libraries\STM32F4xx_StdPeriph_Driver\src\stm32f4xx_adc.o
                                0x7ca (size before relaxing)
 .debug_str     0x000080f3      0x22d Libraries\STM32F4xx_StdPeriph_Driver\src\stm32f4_discovery.o
                                0xafc (size before relaxing)
 .debug_str     0x00008320       0xf2 Libraries\STM32F4xx_StdPeriph_Driver\src\misc.o
                                0x39f (size before relaxing)

.comment        0x00000000       0x8a
 .comment       0x00000000       0x8a src\utils.o
                                 0x8b (size before relaxing)
 .comment       0x00000000       0x8b src\system_stm32f4xx.o
 .comment       0x00000000       0x8b src\stm32f4xx_it.o
 .comment       0x00000000       0x8b src\stm32f4_discovery_lis302dl.o
 .comment       0x00000000       0x8b src\mems.o
 .comment       0x00000000       0x8b src\main.o
 .comment       0x00000000       0x8b src\eobd.o
 .comment       0x00000000       0x8b src\debug.o
 .comment       0x00000000       0x8b src\FreeRTOS\timers.o
 .comment       0x00000000       0x8b src\FreeRTOS\tasks.o
 .comment       0x00000000       0x8b src\FreeRTOS\queue.o
 .comment       0x00000000       0x8b src\FreeRTOS\portable\MemMang\heap_1.o
 .comment       0x00000000       0x8b src\FreeRTOS\portable\GCC\ARM_CM4F\port.o
 .comment       0x00000000       0x8b src\FreeRTOS\list.o
 .comment       0x00000000       0x8b src\FreeRTOS\croutine.o
 .comment       0x00000000       0x8b Libraries\STM32F4xx_StdPeriph_Driver\src\stm32f4xx_wwdg.o
 .comment       0x00000000       0x8b Libraries\STM32F4xx_StdPeriph_Driver\src\stm32f4xx_usart.o
 .comment       0x00000000       0x8b Libraries\STM32F4xx_StdPeriph_Driver\src\stm32f4xx_tim.o
 .comment       0x00000000       0x8b Libraries\STM32F4xx_StdPeriph_Driver\src\stm32f4xx_syscfg.o
 .comment       0x00000000       0x8b Libraries\STM32F4xx_StdPeriph_Driver\src\stm32f4xx_spi.o
 .comment       0x00000000       0x8b Libraries\STM32F4xx_StdPeriph_Driver\src\stm32f4xx_sdio.o
 .comment       0x00000000       0x8b Libraries\STM32F4xx_StdPeriph_Driver\src\stm32f4xx_rtc.o
 .comment       0x00000000       0x8b Libraries\STM32F4xx_StdPeriph_Driver\src\stm32f4xx_rng.o
 .comment       0x00000000       0x8b Libraries\STM32F4xx_StdPeriph_Driver\src\stm32f4xx_rcc.o
 .comment       0x00000000       0x8b Libraries\STM32F4xx_StdPeriph_Driver\src\stm32f4xx_pwr.o
 .comment       0x00000000       0x8b Libraries\STM32F4xx_StdPeriph_Driver\src\stm32f4xx_iwdg.o
 .comment       0x00000000       0x8b Libraries\STM32F4xx_StdPeriph_Driver\src\stm32f4xx_i2c.o
 .comment       0x00000000       0x8b Libraries\STM32F4xx_StdPeriph_Driver\src\stm32f4xx_hash_sha1.o
 .comment       0x00000000       0x8b Libraries\STM32F4xx_StdPeriph_Driver\src\stm32f4xx_hash_md5.o
 .comment       0x00000000       0x8b Libraries\STM32F4xx_StdPeriph_Driver\src\stm32f4xx_hash.o
 .comment       0x00000000       0x8b Libraries\STM32F4xx_StdPeriph_Driver\src\stm32f4xx_gpio.o
 .comment       0x00000000       0x8b Libraries\STM32F4xx_StdPeriph_Driver\src\stm32f4xx_fsmc.o
 .comment       0x00000000       0x8b Libraries\STM32F4xx_StdPeriph_Driver\src\stm32f4xx_flash.o
 .comment       0x00000000       0x8b Libraries\STM32F4xx_StdPeriph_Driver\src\stm32f4xx_exti.o
 .comment       0x00000000       0x8b Libraries\STM32F4xx_StdPeriph_Driver\src\stm32f4xx_dma.o
 .comment       0x00000000       0x8b Libraries\STM32F4xx_StdPeriph_Driver\src\stm32f4xx_dcmi.o
 .comment       0x00000000       0x8b Libraries\STM32F4xx_StdPeriph_Driver\src\stm32f4xx_dbgmcu.o
 .comment       0x00000000       0x8b Libraries\STM32F4xx_StdPeriph_Driver\src\stm32f4xx_dac.o
 .comment       0x00000000       0x8b Libraries\STM32F4xx_StdPeriph_Driver\src\stm32f4xx_cryp_tdes.o
 .comment       0x00000000       0x8b Libraries\STM32F4xx_StdPeriph_Driver\src\stm32f4xx_cryp_des.o
 .comment       0x00000000       0x8b Libraries\STM32F4xx_StdPeriph_Driver\src\stm32f4xx_cryp_aes.o
 .comment       0x00000000       0x8b Libraries\STM32F4xx_StdPeriph_Driver\src\stm32f4xx_cryp.o
 .comment       0x00000000       0x8b Libraries\STM32F4xx_StdPeriph_Driver\src\stm32f4xx_crc.o
 .comment       0x00000000       0x8b Libraries\STM32F4xx_StdPeriph_Driver\src\stm32f4xx_can.o
 .comment       0x00000000       0x8b Libraries\STM32F4xx_StdPeriph_Driver\src\stm32f4xx_adc.o
 .comment       0x00000000       0x8b Libraries\STM32F4xx_StdPeriph_Driver\src\stm32f4_discovery.o
 .comment       0x00000000       0x8b Libraries\STM32F4xx_StdPeriph_Driver\src\misc.o

.debug_frame    0x00000000     0x652c
 .debug_frame   0x00000000      0x100 src\utils.o
 .debug_frame   0x00000100       0x64 src\system_stm32f4xx.o
 .debug_frame   0x00000164       0xbc src\stm32f4xx_it.o
 .debug_frame   0x00000220      0x190 src\stm32f4_discovery_lis302dl.o
 .debug_frame   0x000003b0       0x64 src\mems.o
 .debug_frame   0x00000414       0x98 src\main.o
 .debug_frame   0x000004ac       0xc4 src\eobd.o
 .debug_frame   0x00000570       0xd0 src\debug.o
 .debug_frame   0x00000640      0x1c4 src\FreeRTOS\timers.o
 .debug_frame   0x00000804      0x4f4 src\FreeRTOS\tasks.o
 .debug_frame   0x00000cf8      0x310 src\FreeRTOS\queue.o
 .debug_frame   0x00001008       0x7c src\FreeRTOS\portable\MemMang\heap_1.o
 .debug_frame   0x00001084      0x110 src\FreeRTOS\portable\GCC\ARM_CM4F\port.o
 .debug_frame   0x00001194       0x9c src\FreeRTOS\list.o
 .debug_frame   0x00001230       0xf0 src\FreeRTOS\croutine.o
 .debug_frame   0x00001320       0xe8 Libraries\STM32F4xx_StdPeriph_Driver\src\stm32f4xx_wwdg.o
 .debug_frame   0x00001408      0x344 Libraries\STM32F4xx_StdPeriph_Driver\src\stm32f4xx_usart.o